Archive member included because of file (symbol)

c:/program files (x86)/atmel/atmel toolchain/avr8 gcc/native/3.4.1061/avr8-gnu-toolchain/bin/../lib/gcc/avr/4.8.1/../../../../avr/lib/avr6\libm.a(addsf3.o)
                              FreeRTOS2560.o (__subsf3)
c:/program files (x86)/atmel/atmel toolchain/avr8 gcc/native/3.4.1061/avr8-gnu-toolchain/bin/../lib/gcc/avr/4.8.1/../../../../avr/lib/avr6\libm.a(addsf3x.o)
                              c:/program files (x86)/atmel/atmel toolchain/avr8 gcc/native/3.4.1061/avr8-gnu-toolchain/bin/../lib/gcc/avr/4.8.1/../../../../avr/lib/avr6\libm.a(addsf3.o) (__addsf3x)
c:/program files (x86)/atmel/atmel toolchain/avr8 gcc/native/3.4.1061/avr8-gnu-toolchain/bin/../lib/gcc/avr/4.8.1/../../../../avr/lib/avr6\libm.a(atan2.o)
                              LSM303.o (atan2)
c:/program files (x86)/atmel/atmel toolchain/avr8 gcc/native/3.4.1061/avr8-gnu-toolchain/bin/../lib/gcc/avr/4.8.1/../../../../avr/lib/avr6\libm.a(atan.o)
                              c:/program files (x86)/atmel/atmel toolchain/avr8 gcc/native/3.4.1061/avr8-gnu-toolchain/bin/../lib/gcc/avr/4.8.1/../../../../avr/lib/avr6\libm.a(atan2.o) (atan)
c:/program files (x86)/atmel/atmel toolchain/avr8 gcc/native/3.4.1061/avr8-gnu-toolchain/bin/../lib/gcc/avr/4.8.1/../../../../avr/lib/avr6\libm.a(cmpsf2.o)
                              LSM303.o (__ltsf2)
c:/program files (x86)/atmel/atmel toolchain/avr8 gcc/native/3.4.1061/avr8-gnu-toolchain/bin/../lib/gcc/avr/4.8.1/../../../../avr/lib/avr6\libm.a(divsf3.o)
                              L3G.o (__divsf3)
c:/program files (x86)/atmel/atmel toolchain/avr8 gcc/native/3.4.1061/avr8-gnu-toolchain/bin/../lib/gcc/avr/4.8.1/../../../../avr/lib/avr6\libm.a(divsf3x.o)
                              c:/program files (x86)/atmel/atmel toolchain/avr8 gcc/native/3.4.1061/avr8-gnu-toolchain/bin/../lib/gcc/avr/4.8.1/../../../../avr/lib/avr6\libm.a(divsf3.o) (__divsf3x)
c:/program files (x86)/atmel/atmel toolchain/avr8 gcc/native/3.4.1061/avr8-gnu-toolchain/bin/../lib/gcc/avr/4.8.1/../../../../avr/lib/avr6\libm.a(fixsfsi.o)
                              FreeRTOS2560.o (__fixsfsi)
c:/program files (x86)/atmel/atmel toolchain/avr8 gcc/native/3.4.1061/avr8-gnu-toolchain/bin/../lib/gcc/avr/4.8.1/../../../../avr/lib/avr6\libm.a(fixunssfsi.o)
                              c:/program files (x86)/atmel/atmel toolchain/avr8 gcc/native/3.4.1061/avr8-gnu-toolchain/bin/../lib/gcc/avr/4.8.1/../../../../avr/lib/avr6\libm.a(fixsfsi.o) (__fixunssfsi)
c:/program files (x86)/atmel/atmel toolchain/avr8 gcc/native/3.4.1061/avr8-gnu-toolchain/bin/../lib/gcc/avr/4.8.1/../../../../avr/lib/avr6\libm.a(floatsisf.o)
                              FreeRTOS2560.o (__floatsisf)
c:/program files (x86)/atmel/atmel toolchain/avr8 gcc/native/3.4.1061/avr8-gnu-toolchain/bin/../lib/gcc/avr/4.8.1/../../../../avr/lib/avr6\libm.a(fp_cmp.o)
                              c:/program files (x86)/atmel/atmel toolchain/avr8 gcc/native/3.4.1061/avr8-gnu-toolchain/bin/../lib/gcc/avr/4.8.1/../../../../avr/lib/avr6\libm.a(cmpsf2.o) (__fp_cmp)
c:/program files (x86)/atmel/atmel toolchain/avr8 gcc/native/3.4.1061/avr8-gnu-toolchain/bin/../lib/gcc/avr/4.8.1/../../../../avr/lib/avr6\libm.a(fp_inf.o)
                              c:/program files (x86)/atmel/atmel toolchain/avr8 gcc/native/3.4.1061/avr8-gnu-toolchain/bin/../lib/gcc/avr/4.8.1/../../../../avr/lib/avr6\libm.a(addsf3x.o) (__fp_inf)
c:/program files (x86)/atmel/atmel toolchain/avr8 gcc/native/3.4.1061/avr8-gnu-toolchain/bin/../lib/gcc/avr/4.8.1/../../../../avr/lib/avr6\libm.a(fp_nan.o)
                              c:/program files (x86)/atmel/atmel toolchain/avr8 gcc/native/3.4.1061/avr8-gnu-toolchain/bin/../lib/gcc/avr/4.8.1/../../../../avr/lib/avr6\libm.a(addsf3x.o) (__fp_nan)
c:/program files (x86)/atmel/atmel toolchain/avr8 gcc/native/3.4.1061/avr8-gnu-toolchain/bin/../lib/gcc/avr/4.8.1/../../../../avr/lib/avr6\libm.a(fp_powser.o)
                              c:/program files (x86)/atmel/atmel toolchain/avr8 gcc/native/3.4.1061/avr8-gnu-toolchain/bin/../lib/gcc/avr/4.8.1/../../../../avr/lib/avr6\libm.a(atan.o) (__fp_powser)
c:/program files (x86)/atmel/atmel toolchain/avr8 gcc/native/3.4.1061/avr8-gnu-toolchain/bin/../lib/gcc/avr/4.8.1/../../../../avr/lib/avr6\libm.a(fp_pscA.o)
                              c:/program files (x86)/atmel/atmel toolchain/avr8 gcc/native/3.4.1061/avr8-gnu-toolchain/bin/../lib/gcc/avr/4.8.1/../../../../avr/lib/avr6\libm.a(addsf3x.o) (__fp_pscA)
c:/program files (x86)/atmel/atmel toolchain/avr8 gcc/native/3.4.1061/avr8-gnu-toolchain/bin/../lib/gcc/avr/4.8.1/../../../../avr/lib/avr6\libm.a(fp_pscB.o)
                              c:/program files (x86)/atmel/atmel toolchain/avr8 gcc/native/3.4.1061/avr8-gnu-toolchain/bin/../lib/gcc/avr/4.8.1/../../../../avr/lib/avr6\libm.a(addsf3x.o) (__fp_pscB)
[...]
Memory Configuration

Name             Origin             Length             Attributes
text             0x00000000         0x00100000         xr
data             0x00800200         0x0000fe00         rw !x
eeprom           0x00810000         0x00010000         rw !x
fuse             0x00820000         0x00000400         rw !x
lock             0x00830000         0x00000400         rw !x
signature        0x00840000         0x00000400         rw !x
user_signatures  0x00850000         0x00000400         rw !x
*default*        0x00000000         0xffffffff

Linker script and memory map

Address of section .data set to 0x800200
LOAD c:/program files (x86)/atmel/atmel toolchain/avr8 gcc/native/3.4.1061/avr8-gnu-toolchain/bin/../lib/gcc/avr/4.8.1/../../../../avr/lib/avr6/crtm2560.o
LOAD FreeRTOS2560.o
LOAD heap_1.o
LOAD Key.o
LOAD Keypad.o
LOAD L3G.o
LOAD list.o
LOAD LPS.o
LOAD LSM303.o
LOAD NewPing.o
LOAD port.o
LOAD queue.o
LOAD tasks.o
LOAD twi.o
LOAD Wire.o
START GROUP
LOAD c:/program files (x86)/atmel/atmel toolchain/avr8 gcc/native/3.4.1061/avr8-gnu-toolchain/bin/../lib/gcc/avr/4.8.1/../../../../avr/lib/avr6\libm.a
LOAD C:\Users\Laksh\Desktop\SEM_5\CG3002\Latest_git\CG3002\Firmware\arduino\arduino\Debug\libarduino.a
END GROUP
LOAD c:/program files (x86)/atmel/atmel toolchain/avr8 gcc/native/3.4.1061/avr8-gnu-toolchain/bin/../lib/gcc/avr/4.8.1/avr6\libgcc.a
LOAD c:/program files (x86)/atmel/atmel toolchain/avr8 gcc/native/3.4.1061/avr8-gnu-toolchain/bin/../lib/gcc/avr/4.8.1/../../../../avr/lib/avr6\libm.a
START GROUP
LOAD c:/program files (x86)/atmel/atmel toolchain/avr8 gcc/native/3.4.1061/avr8-gnu-toolchain/bin/../lib/gcc/avr/4.8.1/avr6\libgcc.a
LOAD c:/program files (x86)/atmel/atmel toolchain/avr8 gcc/native/3.4.1061/avr8-gnu-toolchain/bin/../lib/gcc/avr/4.8.1/../../../../avr/lib/avr6\libm.a
LOAD c:/program files (x86)/atmel/atmel toolchain/avr8 gcc/native/3.4.1061/avr8-gnu-toolchain/bin/../lib/gcc/avr/4.8.1/../../../../avr/lib/avr6\libc.a
END GROUP

.hash
 *(.hash)

.dynsym
 *(.dynsym)

.dynstr
 *(.dynstr)

.gnu.version
 *(.gnu.version)

.gnu.version_d
 *(.gnu.version_d)

.gnu.version_r
 *(.gnu.version_r)

.rel.init
 *(.rel.init)

.rela.init
 *(.rela.init)

.rel.text
 *(.rel.text)
 *(.rel.text.*)
 *(.rel.gnu.linkonce.t*)

.rela.text
 *(.rela.text)
 *(.rela.text.*)
 *(.rela.gnu.linkonce.t*)

.rel.fini
 *(.rel.fini)

.rela.fini
 *(.rela.fini)

.rel.rodata
 *(.rel.rodata)
 *(.rel.rodata.*)
 *(.rel.gnu.linkonce.r*)

.rela.rodata
 *(.rela.rodata)
 *(.rela.rodata.*)
 *(.rela.gnu.linkonce.r*)

.rel.data
 *(.rel.data)
 *(.rel.data.*)
 *(.rel.gnu.linkonce.d*)

.rela.data
 *(.rela.data)
 *(.rela.data.*)
 *(.rela.gnu.linkonce.d*)

.rel.ctors
 *(.rel.ctors)

.rela.ctors
 *(.rela.ctors)

.rel.dtors
 *(.rel.dtors)

.rela.dtors
 *(.rela.dtors)

.rel.got
 *(.rel.got)

.rela.got
 *(.rela.got)

.rel.bss
 *(.rel.bss)

.rela.bss
 *(.rela.bss)

.rel.plt
 *(.rel.plt)

.rela.plt
 *(.rela.plt)

.text           0x00000000     0x3570
 *(.vectors)
 .vectors       0x00000000       0xe4 c:/program files (x86)/atmel/atmel toolchain/avr8 gcc/native/3.4.1061/avr8-gnu-toolchain/bin/../lib/gcc/avr/4.8.1/../../../../avr/lib/avr6/crtm2560.o
                0x00000000                __vector_default
                0x00000000                __vectors
 *(.vectors)
 *(.progmem.gcc*)
 .progmem.gcc_sw_table.__vector_39
                0x000000e4      0x192 twi.o
 .progmem.gcc_fplib
                0x00000276       0x28 c:/program files (x86)/atmel/atmel toolchain/avr8 gcc/native/3.4.1061/avr8-gnu-toolchain/bin/../lib/gcc/avr/4.8.1/../../../../avr/lib/avr6\libm.a(exp.o)
 .progmem.gcc_fplib
                0x0000029e       0x5a c:/program files (x86)/atmel/atmel toolchain/avr8 gcc/native/3.4.1061/avr8-gnu-toolchain/bin/../lib/gcc/avr/4.8.1/../../../../avr/lib/avr6\libm.a(log.o)
 .progmem.gcc_sw_table.turnOffPWM
                0x000002f8       0x24 C:\Users\Laksh\Desktop\SEM_5\CG3002\Latest_git\CG3002\Firmware\arduino\arduino\Debug\libarduino.a(wiring_digital.o)
                0x0000031c                . = ALIGN (0x2)
                0x0000031c                __trampolines_start = .
 *(.trampolines)
 .trampolines   0x0000031c        0x0 linker stubs
 *(.trampolines*)
                0x0000031c                __trampolines_end = .
 *(.progmem*)
 .progmem.data.digital_pin_to_timer_PGM
                0x0000031c       0x46 C:\Users\Laksh\Desktop\SEM_5\CG3002\Latest_git\CG3002\Firmware\arduino\arduino\Debug\libarduino.a(wiring_digital.o)
                0x0000031c                digital_pin_to_timer_PGM
 .progmem.data.digital_pin_to_bit_mask_PGM
                0x00000362       0x46 C:\Users\Laksh\Desktop\SEM_5\CG3002\Latest_git\CG3002\Firmware\arduino\arduino\Debug\libarduino.a(wiring_digital.o)
                0x00000362                digital_pin_to_bit_mask_PGM
 .progmem.data.digital_pin_to_port_PGM
                0x000003a8       0x46 C:\Users\Laksh\Desktop\SEM_5\CG3002\Latest_git\CG3002\Firmware\arduino\arduino\Debug\libarduino.a(wiring_digital.o)
                0x000003a8                digital_pin_to_port_PGM
 .progmem.data.port_to_input_PGM
                0x000003ee       0x1a C:\Users\Laksh\Desktop\SEM_5\CG3002\Latest_git\CG3002\Firmware\arduino\arduino\Debug\libarduino.a(wiring_digital.o)
                0x000003ee                port_to_input_PGM
 .progmem.data.port_to_output_PGM
                0x00000408       0x1a C:\Users\Laksh\Desktop\SEM_5\CG3002\Latest_git\CG3002\Firmware\arduino\arduino\Debug\libarduino.a(wiring_digital.o)
                0x00000408                port_to_output_PGM
 .progmem.data.port_to_mode_PGM
                0x00000422       0x1a C:\Users\Laksh\Desktop\SEM_5\CG3002\Latest_git\CG3002\Firmware\arduino\arduino\Debug\libarduino.a(wiring_digital.o)
                0x00000422                port_to_mode_PGM
                0x0000043c                . = ALIGN (0x2)
 *(.jumptables)
 *(.jumptables*)
 *(.lowtext)
 *(.lowtext*)
                0x0000043c                __ctors_start = .
 *(.ctors)
 .ctors         0x0000043c        0x2 FreeRTOS2560.o
 .ctors         0x0000043e        0x2 Wire.o
 .ctors         0x00000440        0x2 C:\Users\Laksh\Desktop\SEM_5\CG3002\Latest_git\CG3002\Firmware\arduino\arduino\Debug\libarduino.a(HardwareSerial0.o)
                0x00000442                __ctors_end = .
                0x00000442                __dtors_start = .
 *(.dtors)
                0x00000442                __dtors_end = .
 SORT(*)(.ctors)
 SORT(*)(.dtors)
 *(.init0)
 .init0         0x00000442        0x0 c:/program files (x86)/atmel/atmel toolchain/avr8 gcc/native/3.4.1061/avr8-gnu-toolchain/bin/../lib/gcc/avr/4.8.1/../../../../avr/lib/avr6/crtm2560.o
                0x00000442                __init
 *(.init0)
 *(.init1)
 *(.init1)
 *(.init2)
 .init2         0x00000442       0x10 c:/program files (x86)/atmel/atmel toolchain/avr8 gcc/native/3.4.1061/avr8-gnu-toolchain/bin/../lib/gcc/avr/4.8.1/../../../../avr/lib/avr6/crtm2560.o
 *(.init2)
 *(.init3)
 *(.init3)
 *(.init4)
 .init4         0x00000452       0x1a c:/program files (x86)/atmel/atmel toolchain/avr8 gcc/native/3.4.1061/avr8-gnu-toolchain/bin/../lib/gcc/avr/4.8.1/avr6\libgcc.a(_copy_data.o)
                0x00000452                __do_copy_data
 .init4         0x0000046c       0x10 c:/program files (x86)/atmel/atmel toolchain/avr8 gcc/native/3.4.1061/avr8-gnu-toolchain/bin/../lib/gcc/avr/4.8.1/avr6\libgcc.a(_clear_bss.o)
                0x0000046c                __do_clear_bss
 *(.init4)
 *(.init5)
 *(.init5)
 *(.init6)
 .init6         0x0000047c       0x20 c:/program files (x86)/atmel/atmel toolchain/avr8 gcc/native/3.4.1061/avr8-gnu-toolchain/bin/../lib/gcc/avr/4.8.1/avr6\libgcc.a(_ctors.o)
                0x0000047c                __do_global_ctors
 *(.init6)
 *(.init7)
 *(.init7)
 *(.init8)
 *(.init8)
 *(.init9)
 .init9         0x0000049c        0x6 c:/program files (x86)/atmel/atmel toolchain/avr8 gcc/native/3.4.1061/avr8-gnu-toolchain/bin/../lib/gcc/avr/4.8.1/../../../../avr/lib/avr6/crtm2560.o
 *(.init9)
 *(.text)
 .text          0x000004a2        0x2 c:/program files (x86)/atmel/atmel toolchain/avr8 gcc/native/3.4.1061/avr8-gnu-toolchain/bin/../lib/gcc/avr/4.8.1/../../../../avr/lib/avr6/crtm2560.o
                0x000004a2                __vector_38
                0x000004a2                __vector_22
                0x000004a2                __vector_28
                0x000004a2                __vector_1
                0x000004a2                __vector_32
                0x000004a2                __vector_34
                0x000004a2                __vector_24
                0x000004a2                __vector_12
                0x000004a2                __vector_55
                0x000004a2                __vector_46
                0x000004a2                __bad_interrupt
                0x000004a2                __vector_6
                0x000004a2                __vector_31
                0x000004a2                __vector_35
                0x000004a2                __vector_3
                0x000004a2                __vector_30
                0x000004a2                __vector_11
                0x000004a2                __vector_54
                0x000004a2                __vector_17
                0x000004a2                __vector_19
                0x000004a2                __vector_56
                0x000004a2                __vector_7
                0x000004a2                __vector_49
                0x000004a2                __vector_41
                0x000004a2                __vector_43
                0x000004a2                __vector_27
                0x000004a2                __vector_5
                0x000004a2                __vector_33
                0x000004a2                __vector_47
                0x000004a2                __vector_52
                0x000004a2                __vector_37
                0x000004a2                __vector_4
                0x000004a2                __vector_44
                0x000004a2                __vector_51
                0x000004a2                __vector_9
                0x000004a2                __vector_2
                0x000004a2                __vector_21
                0x000004a2                __vector_15
                0x000004a2                __vector_36
                0x000004a2                __vector_29
                0x000004a2                __vector_40
                0x000004a2                __vector_8
                0x000004a2                __vector_48
                0x000004a2                __vector_14
                0x000004a2                __vector_53
                0x000004a2                __vector_10
                0x000004a2                __vector_50
                0x000004a2                __vector_16
                0x000004a2                __vector_18
                0x000004a2                __vector_20
                0x000004a2                __vector_42
                0x000004a4                . = ALIGN (0x2)
 *(.text.*)
 .text.setup    0x000004a4       0x52 FreeRTOS2560.o
                0x000004a4                setup
 .text.main     0x000004f6       0x72 FreeRTOS2560.o
                0x000004f6                main
 .text._GLOBAL__sub_I_sonar
                0x00000568       0x46 FreeRTOS2560.o
 .text._Z10debugPrintPKc
                0x000005ae       0x14 FreeRTOS2560.o
                0x000005ae                _Z10debugPrintPKc
 .text._Z7dprintfPKcz
                0x000005c2       0x26 FreeRTOS2560.o
                0x000005c2                _Z7dprintfPKcz
 .text._Z9task_baroPv
                0x000005e8       0x6e FreeRTOS2560.o
                0x000005e8                _Z9task_baroPv
 .text.pvPortMalloc
                0x00000656       0x6a heap_1.o
                0x00000656                pvPortMalloc
 .text.vPortFree
                0x000006c0        0x2 heap_1.o
                0x000006c0                vPortFree
 .text._ZN3KeyC2Ev
                0x000006c2        0xa Key.o
                0x000006c2                _ZN3KeyC2Ev
                0x000006c2                _ZN3KeyC1Ev
 .text._ZN6Keypad8pin_modeEhh
                0x000006cc        0xa Keypad.o
                0x000006cc                _ZN6Keypad8pin_modeEhh
 .text._ZN6Keypad9pin_writeEhb
                0x000006d6        0xa Keypad.o
                0x000006d6                _ZN6Keypad9pin_writeEhb
 .text._ZN6Keypad8pin_readEh
                0x000006e0        0x8 Keypad.o
                0x000006e0                _ZN6Keypad8pin_readEh
 .text._ZN6KeypadC2EPcPhS1_hh
                0x000006e8       0xb6 Keypad.o
                0x000006e8                _ZN6KeypadC2EPcPhS1_hh
                0x000006e8                _ZN6KeypadC1EPcPhS1_hh
 .text._ZN3L3GC2Ev
                0x0000079e        0xe L3G.o
                0x0000079e                _ZN3L3GC1Ev
                0x0000079e                _ZN3L3GC2Ev
 .text._ZN3L3G8writeRegEhh
                0x000007ac       0x40 L3G.o
                0x000007ac                _ZN3L3G8writeRegEhh
 .text._ZN3L3G13enableDefaultEv
                0x000007ec       0x2a L3G.o
                0x000007ec                _ZN3L3G13enableDefaultEv
 .text._ZN3L3G7testRegEhNS_7regAddrE
                0x00000816       0x58 L3G.o
                0x00000816                _ZN3L3G7testRegEhNS_7regAddrE
 .text._ZN3L3G4initENS_10deviceTypeENS_8sa0StateE
                0x0000086e      0x130 L3G.o
                0x0000086e                _ZN3L3G4initENS_10deviceTypeENS_8sa0StateE
 .text.vListInitialise
                0x0000099e       0x1c list.o
                0x0000099e                vListInitialise
 .text.vListInitialiseItem
                0x000009ba        0x8 list.o
                0x000009ba                vListInitialiseItem
 .text.vListInsertEnd
                0x000009c2       0x42 list.o
                0x000009c2                vListInsertEnd
 .text.vListInsert
                0x00000a04       0x62 list.o
                0x00000a04                vListInsert
 .text.uxListRemove
                0x00000a66       0x4c list.o
                0x00000a66                uxListRemove
 .text._ZN3LPSC2Ev
                0x00000ab2        0xc LPS.o
                0x00000ab2                _ZN3LPSC2Ev
                0x00000ab2                _ZN3LPSC1Ev
 .text._ZN3LPS24pressureToAltitudeMetersEff
                0x00000abe       0x2e LPS.o
                0x00000abe                _ZN3LPS24pressureToAltitudeMetersEff
 .text._ZN3LPS8writeRegEih
                0x00000aec       0x58 LPS.o
                0x00000aec                _ZN3LPS8writeRegEih
 .text._ZN3LPS13enableDefaultEv
                0x00000b44       0x20 LPS.o
                0x00000b44                _ZN3LPS13enableDefaultEv
 .text._ZN3LPS15readPressureRawEv
                0x00000b64       0xa4 LPS.o
                0x00000b64                _ZN3LPS15readPressureRawEv
 .text._ZN3LPS21readPressureMillibarsEv
                0x00000c08       0x14 LPS.o
                0x00000c08                _ZN3LPS21readPressureMillibarsEv
 .text._ZN3LPS18readTemperatureRawEv
                0x00000c1c       0x64 LPS.o
                0x00000c1c                _ZN3LPS18readTemperatureRawEv
 .text._ZN3LPS16readTemperatureCEv
                0x00000c80       0x2a LPS.o
                0x00000c80                _ZN3LPS16readTemperatureCEv
 .text._ZN6LSM303C2Ev
                0x00000caa       0x3a LSM303.o
                0x00000caa                _ZN6LSM303C1Ev
                0x00000caa                _ZN6LSM303C2Ev
 .text._ZN6LSM30311writeAccRegEhh
                0x00000ce4       0x40 LSM303.o
                0x00000ce4                _ZN6LSM30311writeAccRegEhh
 .text._ZN6LSM30311writeMagRegEhh
                0x00000d24       0x40 LSM303.o
                0x00000d24                _ZN6LSM30311writeMagRegEhh
 .text._ZN6LSM3038writeRegEhh
                0x00000d64       0x14 LSM303.o
                0x00000d64                _ZN6LSM3038writeRegEhh
 .text._ZN6LSM30313enableDefaultEv
                0x00000d78       0x7a LSM303.o
                0x00000d78                _ZN6LSM30313enableDefaultEv
 .text._ZN6LSM3037testRegEhNS_7regAddrE
                0x00000df2       0x58 LSM303.o
                0x00000df2                _ZN6LSM3037testRegEhNS_7regAddrE
 .text._ZN6LSM3034initENS_10deviceTypeENS_8sa0StateE
                0x00000e4a      0x1b8 LSM303.o
                0x00000e4a                _ZN6LSM3034initENS_10deviceTypeENS_8sa0StateE
 .text._ZN7NewPingC2Ehhi
                0x00001002       0xb0 NewPing.o
                0x00001002                _ZN7NewPingC2Ehhi
                0x00001002                _ZN7NewPingC1Ehhi
 .text.__vector_45
                0x000010b2       0x5a NewPing.o
                0x000010b2                __vector_45
 .text.pxPortInitialiseStack
                0x0000110c       0xe4 port.o
                0x0000110c                pxPortInitialiseStack
 .text.xPortStartScheduler
                0x000011f0       0x82 port.o
                0x000011f0                xPortStartScheduler
 .text.vPortYield
                0x00001272       0xc0 port.o
                0x00001272                vPortYield
 .text.vPortYieldFromTick
                0x00001332       0xc4 port.o
                0x00001332                vPortYieldFromTick
 .text.__vector_13
                0x000013f6        0x4 port.o
                0x000013f6                __vector_13
 .text.prvResetNextTaskUnblockTime
                0x000013fa       0x3e tasks.o
 .text.prvAddCurrentTaskToDelayedList
                0x00001438       0x6a tasks.o
 .text.xTaskGenericCreate
                0x000014a2      0x1f4 tasks.o
                0x000014a2                xTaskGenericCreate
 .text.vTaskStartScheduler
                0x00001696       0x52 tasks.o
                0x00001696                vTaskStartScheduler
 .text.vTaskSuspendAll
                0x000016e8        0xc tasks.o
                0x000016e8                vTaskSuspendAll
 .text.xTaskIncrementTick
                0x000016f4      0x176 tasks.o
                0x000016f4                xTaskIncrementTick
 .text.xTaskResumeAll
                0x0000186a       0xfc tasks.o
                0x0000186a                xTaskResumeAll
 .text.vTaskDelay
                0x00001966       0x36 tasks.o
                0x00001966                vTaskDelay
 .text.prvIdleTask
                0x0000199c       0x70 tasks.o
 .text.vTaskSwitchContext
                0x00001a0c       0xbc tasks.o
                0x00001a0c                vTaskSwitchContext
 .text.twi_init
                0x00001ac8       0x3c twi.o
                0x00001ac8                twi_init
 .text.twi_readFrom
                0x00001b04       0x9c twi.o
                0x00001b04                twi_readFrom
 .text.twi_writeTo
                0x00001ba0       0xba twi.o
                0x00001ba0                twi_writeTo
 .text.twi_transmit
                0x00001c5a       0x3e twi.o
                0x00001c5a                twi_transmit
 .text.twi_stop
                0x00001c98       0x16 twi.o
                0x00001c98                twi_stop
 .text.twi_releaseBus
                0x00001cae        0xc twi.o
                0x00001cae                twi_releaseBus
 .text.__vector_39
                0x00001cba      0x238 twi.o
                0x00001cba                __vector_39
 .text._ZN7TwoWire9availableEv
                0x00001ef2       0x10 Wire.o
                0x00001ef2                _ZN7TwoWire9availableEv
 .text._ZN7TwoWire4readEv
                0x00001f02       0x26 Wire.o
                0x00001f02                _ZN7TwoWire4readEv
 .text._ZN7TwoWire4peekEv
                0x00001f28       0x1e Wire.o
                0x00001f28                _ZN7TwoWire4peekEv
 .text._ZN7TwoWire5flushEv
                0x00001f46        0x2 Wire.o
                0x00001f46                _ZN7TwoWire5flushEv
 .text._ZN7TwoWire5writeEPKhj
                0x00001f48       0x5e Wire.o
                0x00001f48                _ZN7TwoWire5writeEPKhj
 .text._ZN7TwoWire5writeEh
                0x00001fa6       0x60 Wire.o
                0x00001fa6                _ZN7TwoWire5writeEh
 .text._ZN7TwoWireC2Ev
                0x00002006       0x20 Wire.o
                0x00002006                _ZN7TwoWireC1Ev
                0x00002006                _ZN7TwoWireC2Ev
 .text._ZN7TwoWire5beginEv
                0x00002026       0x14 Wire.o
                0x00002026                _ZN7TwoWire5beginEv
 .text._ZN7TwoWire11requestFromEhhh
                0x0000203a       0x18 Wire.o
                0x0000203a                _ZN7TwoWire11requestFromEhhh
 .text._ZN7TwoWire11requestFromEhh
                0x00002052        0x6 Wire.o
                0x00002052                _ZN7TwoWire11requestFromEhh
 .text._ZN7TwoWire17beginTransmissionEh
                0x00002058       0x14 Wire.o
                0x00002058                _ZN7TwoWire17beginTransmissionEh
 .text._ZN7TwoWire15endTransmissionEh
                0x0000206c       0x24 Wire.o
                0x0000206c                _ZN7TwoWire15endTransmissionEh
 .text._ZN7TwoWire15endTransmissionEv
                0x00002090        0x6 Wire.o
                0x00002090                _ZN7TwoWire15endTransmissionEv
 .text._GLOBAL__sub_I__ZN7TwoWire8rxBufferE
                0x00002096        0x8 Wire.o
 .text.avr-libc.fplib
                0x0000209e        0xa c:/program files (x86)/atmel/atmel toolchain/avr8 gcc/native/3.4.1061/avr8-gnu-toolchain/bin/../lib/gcc/avr/4.8.1/../../../../avr/lib/avr6\libm.a(addsf3.o)
                0x0000209e                __subsf3
                0x000020a0                __addsf3
 .text.avr-libc.fplib
                0x000020a8       0xc0 c:/program files (x86)/atmel/atmel toolchain/avr8 gcc/native/3.4.1061/avr8-gnu-toolchain/bin/../lib/gcc/avr/4.8.1/../../../../avr/lib/avr6\libm.a(addsf3x.o)
                0x000020c2                __addsf3x
 .text.avr-libc.fplib
                0x00002168        0x4 c:/program files (x86)/atmel/atmel toolchain/avr8 gcc/native/3.4.1061/avr8-gnu-toolchain/bin/../lib/gcc/avr/4.8.1/../../../../avr/lib/avr6\libm.a(divsf3.o)
                0x00002168                __divsf3
 .text.avr-libc.fplib
                0x0000216c       0xcc c:/program files (x86)/atmel/atmel toolchain/avr8 gcc/native/3.4.1061/avr8-gnu-toolchain/bin/../lib/gcc/avr/4.8.1/../../../../avr/lib/avr6\libm.a(divsf3x.o)
                0x00002182                __divsf3x
                0x00002186                __divsf3_pse
 .text.avr-libc.fplib
                0x00002238        0xa c:/program files (x86)/atmel/atmel toolchain/avr8 gcc/native/3.4.1061/avr8-gnu-toolchain/bin/../lib/gcc/avr/4.8.1/../../../../avr/lib/avr6\libm.a(fixsfsi.o)
                0x00002238                __fixsfsi
 .text.avr-libc.fplib
                0x00002242       0x58 c:/program files (x86)/atmel/atmel toolchain/avr8 gcc/native/3.4.1061/avr8-gnu-toolchain/bin/../lib/gcc/avr/4.8.1/../../../../avr/lib/avr6\libm.a(fixunssfsi.o)
                0x00002242                __fixunssfsi
 .text.avr-libc.fplib
                0x0000229a       0x7a c:/program files (x86)/atmel/atmel toolchain/avr8 gcc/native/3.4.1061/avr8-gnu-toolchain/bin/../lib/gcc/avr/4.8.1/../../../../avr/lib/avr6\libm.a(floatsisf.o)
                0x0000229a                __floatunsisf
                0x0000229e                __floatsisf
 .text.avr-libc.fplib
                0x00002314        0xc c:/program files (x86)/atmel/atmel toolchain/avr8 gcc/native/3.4.1061/avr8-gnu-toolchain/bin/../lib/gcc/avr/4.8.1/../../../../avr/lib/avr6\libm.a(fp_inf.o)
                0x00002314                __fp_inf
 .text.avr-libc.fplib
                0x00002320        0x6 c:/program files (x86)/atmel/atmel toolchain/avr8 gcc/native/3.4.1061/avr8-gnu-toolchain/bin/../lib/gcc/avr/4.8.1/../../../../avr/lib/avr6\libm.a(fp_nan.o)
                0x00002320                __fp_nan
 .text.avr-libc.fplib
                0x00002326       0x4a c:/program files (x86)/atmel/atmel toolchain/avr8 gcc/native/3.4.1061/avr8-gnu-toolchain/bin/../lib/gcc/avr/4.8.1/../../../../avr/lib/avr6\libm.a(fp_powser.o)
                0x00002326                __fp_powser
 .text.avr-libc.fplib
                0x00002370        0xe c:/program files (x86)/atmel/atmel toolchain/avr8 gcc/native/3.4.1061/avr8-gnu-toolchain/bin/../lib/gcc/avr/4.8.1/../../../../avr/lib/avr6\libm.a(fp_pscA.o)
                0x00002370                __fp_pscA
 .text.avr-libc.fplib
                0x0000237e        0xe c:/program files (x86)/atmel/atmel toolchain/avr8 gcc/native/3.4.1061/avr8-gnu-toolchain/bin/../lib/gcc/avr/4.8.1/../../../../avr/lib/avr6\libm.a(fp_pscB.o)
                0x0000237e                __fp_pscB
 .text.avr-libc.fplib
                0x0000238c       0x22 c:/program files (x86)/atmel/atmel toolchain/avr8 gcc/native/3.4.1061/avr8-gnu-toolchain/bin/../lib/gcc/avr/4.8.1/../../../../avr/lib/avr6\libm.a(fp_round.o)
                0x0000238c                __fp_round
 .text.avr-libc.fplib
                0x000023ae       0x44 c:/program files (x86)/atmel/atmel toolchain/avr8 gcc/native/3.4.1061/avr8-gnu-toolchain/bin/../lib/gcc/avr/4.8.1/../../../../avr/lib/avr6\libm.a(fp_split3.o)
                0x000023ae                __fp_split3
                0x000023be                __fp_splitA
 .text.avr-libc.fplib
                0x000023f2        0xe c:/program files (x86)/atmel/atmel toolchain/avr8 gcc/native/3.4.1061/avr8-gnu-toolchain/bin/../lib/gcc/avr/4.8.1/../../../../avr/lib/avr6\libm.a(fp_zero.o)
                0x000023f2                __fp_zero
                0x000023f4                __fp_szero
 .text.avr-libc.fplib
                0x00002400        0xe c:/program files (x86)/atmel/atmel toolchain/avr8 gcc/native/3.4.1061/avr8-gnu-toolchain/bin/../lib/gcc/avr/4.8.1/../../../../avr/lib/avr6\libm.a(inverse.o)
                0x00002400                inverse
 .text.avr-libc.fplib
                0x0000240e        0x4 c:/program files (x86)/atmel/atmel toolchain/avr8 gcc/native/3.4.1061/avr8-gnu-toolchain/bin/../lib/gcc/avr/4.8.1/../../../../avr/lib/avr6\libm.a(mulsf3.o)
                0x0000240e                __mulsf3
 .text.avr-libc.fplib
                0x00002412       0xc2 c:/program files (x86)/atmel/atmel toolchain/avr8 gcc/native/3.4.1061/avr8-gnu-toolchain/bin/../lib/gcc/avr/4.8.1/../../../../avr/lib/avr6\libm.a(mulsf3x.o)
                0x00002426                __mulsf3x
                0x0000242a                __mulsf3_pse
 .text.avr-libc.fplib
                0x000024d4       0x98 c:/program files (x86)/atmel/atmel toolchain/avr8 gcc/native/3.4.1061/avr8-gnu-toolchain/bin/../lib/gcc/avr/4.8.1/../../../../avr/lib/avr6\libm.a(pow.o)
                0x000024d4                pow
 .text.avr-libc.fplib
                0x0000256c       0x62 c:/program files (x86)/atmel/atmel toolchain/avr8 gcc/native/3.4.1061/avr8-gnu-toolchain/bin/../lib/gcc/avr/4.8.1/../../../../avr/lib/avr6\libm.a(exp.o)
                0x00002576                exp
 .text.avr-libc.fplib
                0x000025ce       0x1c c:/program files (x86)/atmel/atmel toolchain/avr8 gcc/native/3.4.1061/avr8-gnu-toolchain/bin/../lib/gcc/avr/4.8.1/../../../../avr/lib/avr6\libm.a(fp_mpack.o)
                0x000025ce                __fp_mpack
                0x000025d2                __fp_mpack_finite
 .text.avr-libc.fplib
                0x000025ea       0x6c c:/program files (x86)/atmel/atmel toolchain/avr8 gcc/native/3.4.1061/avr8-gnu-toolchain/bin/../lib/gcc/avr/4.8.1/../../../../avr/lib/avr6\libm.a(ldexp.o)
                0x000025ee                ldexp
 .text.avr-libc.fplib
                0x00002656       0x8a c:/program files (x86)/atmel/atmel toolchain/avr8 gcc/native/3.4.1061/avr8-gnu-toolchain/bin/../lib/gcc/avr/4.8.1/../../../../avr/lib/avr6\libm.a(log.o)
                0x00002660                log
 .text.avr-libc.fplib
                0x000026e0       0x66 c:/program files (x86)/atmel/atmel toolchain/avr8 gcc/native/3.4.1061/avr8-gnu-toolchain/bin/../lib/gcc/avr/4.8.1/../../../../avr/lib/avr6\libm.a(modf.o)
                0x000026e0                modf
                0x000026e0                modff
 .text._ZN14HardwareSerial9availableEv
                0x00002746       0x16 C:\Users\Laksh\Desktop\SEM_5\CG3002\Latest_git\CG3002\Firmware\arduino\arduino\Debug\libarduino.a(HardwareSerial.o)
                0x00002746                _ZN14HardwareSerial9availableEv
 .text._ZN14HardwareSerial4peekEv
                0x0000275c       0x1c C:\Users\Laksh\Desktop\SEM_5\CG3002\Latest_git\CG3002\Firmware\arduino\arduino\Debug\libarduino.a(HardwareSerial.o)
                0x0000275c                _ZN14HardwareSerial4peekEv
 .text._ZN14HardwareSerial4readEv
                0x00002778       0x28 C:\Users\Laksh\Desktop\SEM_5\CG3002\Latest_git\CG3002\Firmware\arduino\arduino\Debug\libarduino.a(HardwareSerial.o)
                0x00002778                _ZN14HardwareSerial4readEv
 .text._ZN14HardwareSerial17_tx_udr_empty_irqEv
                0x000027a0       0x42 C:\Users\Laksh\Desktop\SEM_5\CG3002\Latest_git\CG3002\Firmware\arduino\arduino\Debug\libarduino.a(HardwareSerial.o)
                0x000027a0                _ZN14HardwareSerial17_tx_udr_empty_irqEv
 .text._ZN14HardwareSerial5flushEv
                0x000027e2       0x48 C:\Users\Laksh\Desktop\SEM_5\CG3002\Latest_git\CG3002\Firmware\arduino\arduino\Debug\libarduino.a(HardwareSerial.o)
                0x000027e2                _ZN14HardwareSerial5flushEv
 .text._ZN14HardwareSerial5writeEh
                0x0000282a       0x86 C:\Users\Laksh\Desktop\SEM_5\CG3002\Latest_git\CG3002\Firmware\arduino\arduino\Debug\libarduino.a(HardwareSerial.o)
                0x0000282a                _ZN14HardwareSerial5writeEh
 .text._ZN14HardwareSerial5beginEmh
                0x000028b0       0xc8 C:\Users\Laksh\Desktop\SEM_5\CG3002\Latest_git\CG3002\Firmware\arduino\arduino\Debug\libarduino.a(HardwareSerial.o)
                0x000028b0                _ZN14HardwareSerial5beginEmh
 .text.__vector_25
                0x00002978       0x7e C:\Users\Laksh\Desktop\SEM_5\CG3002\Latest_git\CG3002\Firmware\arduino\arduino\Debug\libarduino.a(HardwareSerial0.o)
                0x00002978                __vector_25
 .text.__vector_26
                0x000029f6       0x52 C:\Users\Laksh\Desktop\SEM_5\CG3002\Latest_git\CG3002\Firmware\arduino\arduino\Debug\libarduino.a(HardwareSerial0.o)
                0x000029f6                __vector_26
 .text._GLOBAL__sub_I___vector_25
                0x00002a48       0x86 C:\Users\Laksh\Desktop\SEM_5\CG3002\Latest_git\CG3002\Firmware\arduino\arduino\Debug\libarduino.a(HardwareSerial0.o)
 .text._ZN5Print5writeEPKhj
                0x00002ace       0x5c C:\Users\Laksh\Desktop\SEM_5\CG3002\Latest_git\CG3002\Firmware\arduino\arduino\Debug\libarduino.a(Print.o)
                0x00002ace                _ZN5Print5writeEPKhj
 .text._ZN5Print5printEPKc
                0x00002b2a       0x2c C:\Users\Laksh\Desktop\SEM_5\CG3002\Latest_git\CG3002\Firmware\arduino\arduino\Debug\libarduino.a(Print.o)
                0x00002b2a                _ZN5Print5printEPKc
 .text._ZN5Print5printEc
                0x00002b56       0x10 C:\Users\Laksh\Desktop\SEM_5\CG3002\Latest_git\CG3002\Firmware\arduino\arduino\Debug\libarduino.a(Print.o)
                0x00002b56                _ZN5Print5printEc
 .text._ZN5Print7printlnEv
                0x00002b66       0x24 C:\Users\Laksh\Desktop\SEM_5\CG3002\Latest_git\CG3002\Firmware\arduino\arduino\Debug\libarduino.a(Print.o)
                0x00002b66                _ZN5Print7printlnEv
 .text._ZN5Print7printlnEPKc
                0x00002b8a       0x20 C:\Users\Laksh\Desktop\SEM_5\CG3002\Latest_git\CG3002\Firmware\arduino\arduino\Debug\libarduino.a(Print.o)
                0x00002b8a                _ZN5Print7printlnEPKc
 .text.__vector_23
                0x00002baa       0x94 C:\Users\Laksh\Desktop\SEM_5\CG3002\Latest_git\CG3002\Firmware\arduino\arduino\Debug\libarduino.a(wiring.o)
                0x00002baa                __vector_23
 .text.micros   0x00002c3e       0x4c C:\Users\Laksh\Desktop\SEM_5\CG3002\Latest_git\CG3002\Firmware\arduino\arduino\Debug\libarduino.a(wiring.o)
                0x00002c3e                micros
 .text.delay    0x00002c8a       0x52 C:\Users\Laksh\Desktop\SEM_5\CG3002\Latest_git\CG3002\Firmware\arduino\arduino\Debug\libarduino.a(wiring.o)
                0x00002c8a                delay
 .text.init     0x00002cdc       0xc4 C:\Users\Laksh\Desktop\SEM_5\CG3002\Latest_git\CG3002\Firmware\arduino\arduino\Debug\libarduino.a(wiring.o)
                0x00002cdc                init
 .text.turnOffPWM
                0x00002da0       0xcc C:\Users\Laksh\Desktop\SEM_5\CG3002\Latest_git\CG3002\Firmware\arduino\arduino\Debug\libarduino.a(wiring_digital.o)
 .text.pinMode  0x00002e6c       0x7c C:\Users\Laksh\Desktop\SEM_5\CG3002\Latest_git\CG3002\Firmware\arduino\arduino\Debug\libarduino.a(wiring_digital.o)
                0x00002e6c                pinMode
 .text.digitalWrite
                0x00002ee8       0x60 C:\Users\Laksh\Desktop\SEM_5\CG3002\Latest_git\CG3002\Firmware\arduino\arduino\Debug\libarduino.a(wiring_digital.o)
                0x00002ee8                digitalWrite
 .text.digitalRead
                0x00002f48       0x52 C:\Users\Laksh\Desktop\SEM_5\CG3002\Latest_git\CG3002\Firmware\arduino\arduino\Debug\libarduino.a(wiring_digital.o)
                0x00002f48                digitalRead
 .text.__empty  0x00002f9a        0x2 C:\Users\Laksh\Desktop\SEM_5\CG3002\Latest_git\CG3002\Firmware\arduino\arduino\Debug\libarduino.a(hooks.o)
                0x00002f9a                yield
 .text.libgcc.div
                0x00002f9c       0x44 c:/program files (x86)/atmel/atmel toolchain/avr8 gcc/native/3.4.1061/avr8-gnu-toolchain/bin/../lib/gcc/avr/4.8.1/avr6\libgcc.a(_udivmodsi4.o)
                0x00002f9c                __udivmodsi4
 .text.libgcc   0x00002fe0        0xc c:/program files (x86)/atmel/atmel toolchain/avr8 gcc/native/3.4.1061/avr8-gnu-toolchain/bin/../lib/gcc/avr/4.8.1/avr6\libgcc.a(_tablejump.o)
                0x00002fe0                __tablejump2__
                0x00002fe4                __tablejump__
 .text.libgcc   0x00002fec        0x8 c:/program files (x86)/atmel/atmel toolchain/avr8 gcc/native/3.4.1061/avr8-gnu-toolchain/bin/../lib/gcc/avr/4.8.1/avr6\libgcc.a(_tablejump_elpm.o)
                0x00002fec                __tablejump_elpm__
 .text.avr-libc
                0x00002ff4       0x50 c:/program files (x86)/atmel/atmel toolchain/avr8 gcc/native/3.4.1061/avr8-gnu-toolchain/bin/../lib/gcc/avr/4.8.1/../../../../avr/lib/avr6\libc.a(vsprintf.o)
                0x00002ff4                vsprintf
 .text.avr-libc
                0x00003044      0x3dc c:/program files (x86)/atmel/atmel toolchain/avr8 gcc/native/3.4.1061/avr8-gnu-toolchain/bin/../lib/gcc/avr/4.8.1/../../../../avr/lib/avr6\libc.a(vfprintf_std.o)
                0x00003044                vfprintf
 .text.avr-libc
                0x00003420       0x16 c:/program files (x86)/atmel/atmel toolchain/avr8 gcc/native/3.4.1061/avr8-gnu-toolchain/bin/../lib/gcc/avr/4.8.1/../../../../avr/lib/avr6\libc.a(strnlen_P.o)
                0x00003420                strnlen_P
 .text.avr-libc
                0x00003436       0x16 c:/program files (x86)/atmel/atmel toolchain/avr8 gcc/native/3.4.1061/avr8-gnu-toolchain/bin/../lib/gcc/avr/4.8.1/../../../../avr/lib/avr6\libc.a(strnlen.o)
                0x00003436                strnlen
 .text.avr-libc
                0x0000344c       0x64 c:/program files (x86)/atmel/atmel toolchain/avr8 gcc/native/3.4.1061/avr8-gnu-toolchain/bin/../lib/gcc/avr/4.8.1/../../../../avr/lib/avr6\libc.a(fputc.o)
                0x0000344c                fputc
 .text.avr-libc
                0x000034b0       0xbc c:/program files (x86)/atmel/atmel toolchain/avr8 gcc/native/3.4.1061/avr8-gnu-toolchain/bin/../lib/gcc/avr/4.8.1/../../../../avr/lib/avr6\libc.a(ultoa_invert.o)
                0x000034b0                __ultoa_invert
                0x0000356c                . = ALIGN (0x2)
 *(.fini9)
 .fini9         0x0000356c        0x0 c:/program files (x86)/atmel/atmel toolchain/avr8 gcc/native/3.4.1061/avr8-gnu-toolchain/bin/../lib/gcc/avr/4.8.1/avr6\libgcc.a(_exit.o)
                0x0000356c                _exit
                0x0000356c                exit
 *(.fini9)
 *(.fini8)
 *(.fini8)
 *(.fini7)
 *(.fini7)
 *(.fini6)
 *(.fini6)
 *(.fini5)
 *(.fini5)
 *(.fini4)
 *(.fini4)
 *(.fini3)
 *(.fini3)
 *(.fini2)
 *(.fini2)
 *(.fini1)
 *(.fini1)
 *(.fini0)
 .fini0         0x0000356c        0x4 c:/program files (x86)/atmel/atmel toolchain/avr8 gcc/native/3.4.1061/avr8-gnu-toolchain/bin/../lib/gcc/avr/4.8.1/avr6\libgcc.a(_exit.o)
 *(.fini0)
                0x00003570                _etext = .

.data           0x00800200       0xac load address 0x00003570
                0x00800200                PROVIDE (__data_start, .)
 *(.data)
 *(.data*)
 .data.colPins  0x00800200        0x3 FreeRTOS2560.o
                0x00800200                colPins
 .data.rowPins  0x00800203        0x4 FreeRTOS2560.o
                0x00800203                rowPins
 .data.keys     0x00800207        0xc FreeRTOS2560.o
                0x00800207                keys
 .data.xNextTaskUnblockTime
                0x00800213        0x2 tasks.o
 *(.rodata)
 .rodata        0x00800215        0xc LSM303.o
 *(.rodata*)
 .rodata.str1.1
                0x00800221       0x5b FreeRTOS2560.o
                                 0x5e (size before relaxing)
 .rodata._ZTV6Keypad
                0x0080027c        0xa Keypad.o
                0x0080027c                _ZTV6Keypad
 .rodata.str1.1
                0x00800286        0x5 tasks.o
 .rodata._ZTV7TwoWire
                0x0080028b       0x10 Wire.o
                0x0080028b                _ZTV7TwoWire
 .rodata._ZTV14HardwareSerial
                0x0080029b       0x10 C:\Users\Laksh\Desktop\SEM_5\CG3002\Latest_git\CG3002\Firmware\arduino\arduino\Debug\libarduino.a(HardwareSerial.o)
                0x0080029b                _ZTV14HardwareSerial
 *(.gnu.linkonce.d*)
                0x008002ac                . = ALIGN (0x2)
 *fill*         0x008002ab        0x1 
                0x008002ac                _edata = .
                0x008002ac                PROVIDE (__data_end, .)

.bss            0x008002ac      0xc50
                0x008002ac                PROVIDE (__bss_start, .)
 *(.bss)
 *(.bss*)
 .bss.debugBuffer
                0x008002ac      0x400 FreeRTOS2560.o
                0x008002ac                debugBuffer
 .bss.compass   0x008006ac       0x26 FreeRTOS2560.o
                0x008006ac                compass
 .bss.ps        0x008006d2        0x7 FreeRTOS2560.o
                0x008006d2                ps
 .bss.gyro      0x008006d9        0xc FreeRTOS2560.o
                0x008006d9                gyro
 .bss.keypad    0x008006e5       0x64 FreeRTOS2560.o
                0x008006e5                keypad
 .bss.sonar     0x00800749       0x12 FreeRTOS2560.o
                0x00800749                sonar
 .bss.pucAlignedHeap.1837
                0x0080075b        0x2 heap_1.o
 .bss.xNextFreeByte
                0x0080075d        0x2 heap_1.o
 .bss.ucHeap    0x0080075f      0x5dc heap_1.o
 .bss.intFunc   0x00800d3b        0x2 NewPing.o
                0x00800d3b                intFunc
 .bss.uxSchedulerSuspended
                0x00800d3d        0x1 tasks.o
 .bss.uxTaskNumber
                0x00800d3e        0x1 tasks.o
 .bss.xNumOfOverflows
                0x00800d3f        0x1 tasks.o
 .bss.xYieldPending
                0x00800d40        0x1 tasks.o
 .bss.uxPendedTicks
                0x00800d41        0x1 tasks.o
 .bss.xSchedulerRunning
                0x00800d42        0x1 tasks.o
 .bss.uxTopReadyPriority
                0x00800d43        0x1 tasks.o
 .bss.xTickCount
                0x00800d44        0x2 tasks.o
 .bss.uxCurrentNumberOfTasks
                0x00800d46        0x1 tasks.o
 .bss.uxTasksDeleted
                0x00800d47        0x1 tasks.o
 .bss.xTasksWaitingTermination
                0x00800d48        0x9 tasks.o
 .bss.xPendingReadyList
                0x00800d51        0x9 tasks.o
 .bss.pxOverflowDelayedTaskList
                0x00800d5a        0x2 tasks.o
 .bss.pxDelayedTaskList
                0x00800d5c        0x2 tasks.o
 .bss.xDelayedTaskList2
                0x00800d5e        0x9 tasks.o
 .bss.xDelayedTaskList1
                0x00800d67        0x9 tasks.o
 .bss.pxReadyTasksLists
                0x00800d70       0x24 tasks.o
 .bss.pxCurrentTCB
                0x00800d94        0x2 tasks.o
                0x00800d94                pxCurrentTCB
 .bss.twi_error
                0x00800d96        0x1 twi.o
 .bss.twi_rxBufferIndex
                0x00800d97        0x1 twi.o
 .bss.twi_rxBuffer
                0x00800d98       0x20 twi.o
 .bss.twi_txBufferLength
                0x00800db8        0x1 twi.o
 .bss.twi_txBufferIndex
                0x00800db9        0x1 twi.o
 .bss.twi_txBuffer
                0x00800dba       0x20 twi.o
 .bss.twi_masterBufferLength
                0x00800dda        0x1 twi.o
 .bss.twi_masterBufferIndex
                0x00800ddb        0x1 twi.o
 .bss.twi_masterBuffer
                0x00800ddc       0x20 twi.o
 .bss.twi_onSlaveReceive
                0x00800dfc        0x2 twi.o
 .bss.twi_onSlaveTransmit
                0x00800dfe        0x2 twi.o
 .bss.twi_inRepStart
                0x00800e00        0x1 twi.o
 .bss.twi_sendStop
                0x00800e01        0x1 twi.o
 .bss.twi_slarw
                0x00800e02        0x1 twi.o
 .bss.twi_state
                0x00800e03        0x1 twi.o
 .bss.Wire      0x00800e04        0xc Wire.o
                0x00800e04                Wire
 .bss._ZN7TwoWire12transmittingE
                0x00800e10        0x1 Wire.o
                0x00800e10                _ZN7TwoWire12transmittingE
 .bss._ZN7TwoWire14txBufferLengthE
                0x00800e11        0x1 Wire.o
                0x00800e11                _ZN7TwoWire14txBufferLengthE
 .bss._ZN7TwoWire13txBufferIndexE
                0x00800e12        0x1 Wire.o
                0x00800e12                _ZN7TwoWire13txBufferIndexE
 .bss._ZN7TwoWire8txBufferE
                0x00800e13       0x20 Wire.o
                0x00800e13                _ZN7TwoWire8txBufferE
 .bss._ZN7TwoWire9txAddressE
                0x00800e33        0x1 Wire.o
                0x00800e33                _ZN7TwoWire9txAddressE
 .bss._ZN7TwoWire14rxBufferLengthE
                0x00800e34        0x1 Wire.o
                0x00800e34                _ZN7TwoWire14rxBufferLengthE
 .bss._ZN7TwoWire13rxBufferIndexE
                0x00800e35        0x1 Wire.o
                0x00800e35                _ZN7TwoWire13rxBufferIndexE
 .bss._ZN7TwoWire8rxBufferE
                0x00800e36       0x20 Wire.o
                0x00800e36                _ZN7TwoWire8rxBufferE
 .bss.Serial    0x00800e56       0x9d C:\Users\Laksh\Desktop\SEM_5\CG3002\Latest_git\CG3002\Firmware\arduino\arduino\Debug\libarduino.a(HardwareSerial0.o)
                0x00800e56                Serial
 .bss.timer0_fract
                0x00800ef3        0x1 C:\Users\Laksh\Desktop\SEM_5\CG3002\Latest_git\CG3002\Firmware\arduino\arduino\Debug\libarduino.a(wiring.o)
 .bss.timer0_millis
                0x00800ef4        0x4 C:\Users\Laksh\Desktop\SEM_5\CG3002\Latest_git\CG3002\Firmware\arduino\arduino\Debug\libarduino.a(wiring.o)
                0x00800ef4                timer0_millis
 .bss.timer0_overflow_count
                0x00800ef8        0x4 C:\Users\Laksh\Desktop\SEM_5\CG3002\Latest_git\CG3002\Firmware\arduino\arduino\Debug\libarduino.a(wiring.o)
                0x00800ef8                timer0_overflow_count
 *(COMMON)
                0x00800efc                PROVIDE (__bss_end, .)
                0x00003570                __data_load_start = LOADADDR (.data)
                0x0000361c                __data_load_end = (__data_load_start + SIZEOF (.data))

.noinit         0x00800efc        0x0
                0x00800efc                PROVIDE (__noinit_start, .)
 *(.noinit*)
                0x00800efc                PROVIDE (__noinit_end, .)
                0x00800efc                _end = .
                0x00800efc                PROVIDE (__heap_start, .)

.eeprom         0x00810000        0x0
 *(.eeprom*)
                0x00810000                __eeprom_end = .

.fuse
 *(.fuse)
 *(.lfuse)
 *(.hfuse)
 *(.efuse)

.lock
 *(.lock*)

.signature
 *(.signature*)

.user_signatures
 *(.user_signatures*)

.stab
 *(.stab)

.stabstr
 *(.stabstr)

.stab.excl
 *(.stab.excl)

.stab.exclstr
 *(.stab.exclstr)

.stab.index
 *(.stab.index)

.stab.indexstr
 *(.stab.indexstr)

.comment        0x00000000       0x5c
 *(.comment)
 .comment       0x00000000       0x30 FreeRTOS2560.o
                                 0x31 (size before relaxing)
 .comment       0x00000000       0x31 heap_1.o
 .comment       0x00000000       0x31 Key.o
 .comment       0x00000000       0x31 Keypad.o
 .comment       0x00000000       0x31 L3G.o
 .comment       0x00000000       0x31 list.o
 .comment       0x00000000       0x31 LPS.o
 .comment       0x00000000       0x31 LSM303.o
 .comment       0x00000000       0x31 NewPing.o
 .comment       0x00000000       0x31 port.o
 .comment       0x00000000       0x31 tasks.o
 .comment       0x00000000       0x31 twi.o
 .comment       0x00000000       0x31 Wire.o
 .comment       0x00000000       0x31 C:\Users\Laksh\Desktop\SEM_5\CG3002\Latest_git\CG3002\Firmware\arduino\arduino\Debug\libarduino.a(HardwareSerial.o)
 .comment       0x00000000       0x31 C:\Users\Laksh\Desktop\SEM_5\CG3002\Latest_git\CG3002\Firmware\arduino\arduino\Debug\libarduino.a(HardwareSerial0.o)
 .comment       0x00000000       0x31 C:\Users\Laksh\Desktop\SEM_5\CG3002\Latest_git\CG3002\Firmware\arduino\arduino\Debug\libarduino.a(Print.o)
 .comment       0x00000000       0x31 C:\Users\Laksh\Desktop\SEM_5\CG3002\Latest_git\CG3002\Firmware\arduino\arduino\Debug\libarduino.a(wiring.o)
 .comment       0x00000000       0x31 C:\Users\Laksh\Desktop\SEM_5\CG3002\Latest_git\CG3002\Firmware\arduino\arduino\Debug\libarduino.a(wiring_digital.o)
 .comment       0x00000000       0x31 C:\Users\Laksh\Desktop\SEM_5\CG3002\Latest_git\CG3002\Firmware\arduino\arduino\Debug\libarduino.a(hooks.o)
 .comment       0x00000000       0x31 c:/program files (x86)/atmel/atmel toolchain/avr8 gcc/native/3.4.1061/avr8-gnu-toolchain/bin/../lib/gcc/avr/4.8.1/../../../../avr/lib/avr6\libc.a(vsprintf.o)
 .comment       0x00000030       0x2c c:/program files (x86)/atmel/atmel toolchain/avr8 gcc/native/3.4.1061/avr8-gnu-toolchain/bin/../lib/gcc/avr/4.8.1/../../../../avr/lib/avr6\libc.a(vfprintf_std.o)
                                 0x2d (size before relaxing)
 .comment       0x00000000       0x31 c:/program files (x86)/atmel/atmel toolchain/avr8 gcc/native/3.4.1061/avr8-gnu-toolchain/bin/../lib/gcc/avr/4.8.1/../../../../avr/lib/avr6\libc.a(fputc.o)

.note.gnu.build-id
 *(.note.gnu.build-id)

.debug
 *(.debug)

.line
 *(.line)

.debug_srcinfo
 *(.debug_srcinfo)

.debug_sfnames
 *(.debug_sfnames)

.debug_aranges  0x00000000      0x8e0
 *(.debug_aranges)
 .debug_aranges
                0x00000000       0x98 FreeRTOS2560.o
 .debug_aranges
                0x00000098       0x38 heap_1.o
 .debug_aranges
                0x000000d0       0x30 Key.o
 .debug_aranges
                0x00000100       0xc0 Keypad.o
 .debug_aranges
                0x000001c0       0x70 L3G.o
 .debug_aranges
                0x00000230       0x40 list.o
 .debug_aranges
                0x00000270       0x98 LPS.o
 .debug_aranges
                0x00000308       0xb0 LSM303.o
 .debug_aranges
                0x000003b8       0x98 NewPing.o
 .debug_aranges
                0x00000450       0x48 port.o
 .debug_aranges
                0x00000498       0xd8 tasks.o
 .debug_aranges
                0x00000570       0x70 twi.o
 .debug_aranges
                0x000005e0       0xd8 Wire.o
 .debug_aranges
                0x000006b8       0x68 C:\Users\Laksh\Desktop\SEM_5\CG3002\Latest_git\CG3002\Firmware\arduino\arduino\Debug\libarduino.a(HardwareSerial.o)
 .debug_aranges
                0x00000720       0x38 C:\Users\Laksh\Desktop\SEM_5\CG3002\Latest_git\CG3002\Firmware\arduino\arduino\Debug\libarduino.a(HardwareSerial0.o)
 .debug_aranges
                0x00000758       0xe8 C:\Users\Laksh\Desktop\SEM_5\CG3002\Latest_git\CG3002\Firmware\arduino\arduino\Debug\libarduino.a(Print.o)
 .debug_aranges
                0x00000840       0x48 C:\Users\Laksh\Desktop\SEM_5\CG3002\Latest_git\CG3002\Firmware\arduino\arduino\Debug\libarduino.a(wiring.o)
 .debug_aranges
                0x00000888       0x38 C:\Users\Laksh\Desktop\SEM_5\CG3002\Latest_git\CG3002\Firmware\arduino\arduino\Debug\libarduino.a(wiring_digital.o)
 .debug_aranges
                0x000008c0       0x20 C:\Users\Laksh\Desktop\SEM_5\CG3002\Latest_git\CG3002\Firmware\arduino\arduino\Debug\libarduino.a(hooks.o)

.debug_pubnames
 *(.debug_pubnames)

.debug_info     0x00000000    0x11f9d
 *(.debug_info .gnu.linkonce.wi.*)
 .debug_info    0x00000000     0x26a6 FreeRTOS2560.o
 .debug_info    0x000026a6      0x1ad heap_1.o
 .debug_info    0x00002853      0x223 Key.o
 .debug_info    0x00002a76     0x1108 Keypad.o
 .debug_info    0x00003b7e      0xd60 L3G.o
 .debug_info    0x000048de      0x2c6 list.o
 .debug_info    0x00004ba4      0xe9b LPS.o
 .debug_info    0x00005a3f     0x196a LSM303.o
 .debug_info    0x000073a9      0xbab NewPing.o
 .debug_info    0x00007f54      0x20d port.o
 .debug_info    0x00008161     0x137b tasks.o
 .debug_info    0x000094dc      0x712 twi.o
 .debug_info    0x00009bee     0x21ef Wire.o
 .debug_info    0x0000bddd     0x1afb C:\Users\Laksh\Desktop\SEM_5\CG3002\Latest_git\CG3002\Firmware\arduino\arduino\Debug\libarduino.a(HardwareSerial.o)
 .debug_info    0x0000d8d8     0x1740 C:\Users\Laksh\Desktop\SEM_5\CG3002\Latest_git\CG3002\Firmware\arduino\arduino\Debug\libarduino.a(HardwareSerial0.o)
 .debug_info    0x0000f018     0x25f9 C:\Users\Laksh\Desktop\SEM_5\CG3002\Latest_git\CG3002\Firmware\arduino\arduino\Debug\libarduino.a(Print.o)
 .debug_info    0x00011611      0x319 C:\Users\Laksh\Desktop\SEM_5\CG3002\Latest_git\CG3002\Firmware\arduino\arduino\Debug\libarduino.a(wiring.o)
 .debug_info    0x0001192a      0x635 C:\Users\Laksh\Desktop\SEM_5\CG3002\Latest_git\CG3002\Firmware\arduino\arduino\Debug\libarduino.a(wiring_digital.o)
 .debug_info    0x00011f5f       0x3e C:\Users\Laksh\Desktop\SEM_5\CG3002\Latest_git\CG3002\Firmware\arduino\arduino\Debug\libarduino.a(hooks.o)

.debug_abbrev   0x00000000     0x3541
 *(.debug_abbrev)
 .debug_abbrev  0x00000000      0x6ad FreeRTOS2560.o
 .debug_abbrev  0x000006ad      0x12e heap_1.o
 .debug_abbrev  0x000007db      0x14c Key.o
 .debug_abbrev  0x00000927      0x402 Keypad.o
 .debug_abbrev  0x00000d29      0x358 L3G.o
 .debug_abbrev  0x00001081       0xf8 list.o
 .debug_abbrev  0x00001179      0x325 LPS.o
 .debug_abbrev  0x0000149e      0x476 LSM303.o
 .debug_abbrev  0x00001914      0x371 NewPing.o
 .debug_abbrev  0x00001c85      0x13d port.o
 .debug_abbrev  0x00001dc2      0x304 tasks.o
 .debug_abbrev  0x000020c6      0x251 twi.o
 .debug_abbrev  0x00002317      0x4e2 Wire.o
 .debug_abbrev  0x000027f9      0x369 C:\Users\Laksh\Desktop\SEM_5\CG3002\Latest_git\CG3002\Firmware\arduino\arduino\Debug\libarduino.a(HardwareSerial.o)
 .debug_abbrev  0x00002b62      0x35d C:\Users\Laksh\Desktop\SEM_5\CG3002\Latest_git\CG3002\Firmware\arduino\arduino\Debug\libarduino.a(HardwareSerial0.o)
 .debug_abbrev  0x00002ebf      0x3b9 C:\Users\Laksh\Desktop\SEM_5\CG3002\Latest_git\CG3002\Firmware\arduino\arduino\Debug\libarduino.a(Print.o)
 .debug_abbrev  0x00003278      0x145 C:\Users\Laksh\Desktop\SEM_5\CG3002\Latest_git\CG3002\Firmware\arduino\arduino\Debug\libarduino.a(wiring.o)
 .debug_abbrev  0x000033bd      0x15a C:\Users\Laksh\Desktop\SEM_5\CG3002\Latest_git\CG3002\Firmware\arduino\arduino\Debug\libarduino.a(wiring_digital.o)
 .debug_abbrev  0x00003517       0x2a C:\Users\Laksh\Desktop\SEM_5\CG3002\Latest_git\CG3002\Firmware\arduino\arduino\Debug\libarduino.a(hooks.o)

.debug_line     0x00000000     0x5ecf
 *(.debug_line .debug_line.* .debug_line_end)
 .debug_line    0x00000000      0x8ed FreeRTOS2560.o
 .debug_line    0x000008ed      0x29a heap_1.o
 .debug_line    0x00000b87       0xf7 Key.o
 .debug_line    0x00000c7e      0x74f Keypad.o
 .debug_line    0x000013cd      0x600 L3G.o
 .debug_line    0x000019cd      0x2ae list.o
 .debug_line    0x00001c7b      0x5e3 LPS.o
 .debug_line    0x0000225e      0xa3d LSM303.o
 .debug_line    0x00002c9b      0x529 NewPing.o
 .debug_line    0x000031c4      0x372 port.o
 .debug_line    0x00003536      0xa4e tasks.o
 .debug_line    0x00003f84      0x5a7 twi.o
 .debug_line    0x0000452b      0x5e2 Wire.o
 .debug_line    0x00004b0d      0x4a2 C:\Users\Laksh\Desktop\SEM_5\CG3002\Latest_git\CG3002\Firmware\arduino\arduino\Debug\libarduino.a(HardwareSerial.o)
 .debug_line    0x00004faf      0x283 C:\Users\Laksh\Desktop\SEM_5\CG3002\Latest_git\CG3002\Firmware\arduino\arduino\Debug\libarduino.a(HardwareSerial0.o)
 .debug_line    0x00005232      0x6bc C:\Users\Laksh\Desktop\SEM_5\CG3002\Latest_git\CG3002\Firmware\arduino\arduino\Debug\libarduino.a(Print.o)
 .debug_line    0x000058ee      0x2ec C:\Users\Laksh\Desktop\SEM_5\CG3002\Latest_git\CG3002\Firmware\arduino\arduino\Debug\libarduino.a(wiring.o)
 .debug_line    0x00005bda      0x2bb C:\Users\Laksh\Desktop\SEM_5\CG3002\Latest_git\CG3002\Firmware\arduino\arduino\Debug\libarduino.a(wiring_digital.o)
 .debug_line    0x00005e95       0x3a C:\Users\Laksh\Desktop\SEM_5\CG3002\Latest_git\CG3002\Firmware\arduino\arduino\Debug\libarduino.a(hooks.o)

.debug_frame    0x00000000     0x1b70
 *(.debug_frame)
 .debug_frame   0x00000000      0x1fc FreeRTOS2560.o
 .debug_frame   0x000001fc       0x60 heap_1.o
 .debug_frame   0x0000025c       0x44 Key.o
 .debug_frame   0x000002a0      0x2c8 Keypad.o
 .debug_frame   0x00000568      0x1a4 L3G.o
 .debug_frame   0x0000070c       0x88 list.o
 .debug_frame   0x00000794      0x190 LPS.o
 .debug_frame   0x00000924      0x2f4 LSM303.o
 .debug_frame   0x00000c18      0x244 NewPing.o
 .debug_frame   0x00000e5c       0x74 port.o
 .debug_frame   0x00000ed0      0x2d4 tasks.o
 .debug_frame   0x000011a4      0x114 twi.o
 .debug_frame   0x000012b8      0x1e0 Wire.o
 .debug_frame   0x00001498       0xf8 C:\Users\Laksh\Desktop\SEM_5\CG3002\Latest_git\CG3002\Firmware\arduino\arduino\Debug\libarduino.a(HardwareSerial.o)
 .debug_frame   0x00001590       0xcc C:\Users\Laksh\Desktop\SEM_5\CG3002\Latest_git\CG3002\Firmware\arduino\arduino\Debug\libarduino.a(HardwareSerial0.o)
 .debug_frame   0x0000165c      0x3b8 C:\Users\Laksh\Desktop\SEM_5\CG3002\Latest_git\CG3002\Firmware\arduino\arduino\Debug\libarduino.a(Print.o)
 .debug_frame   0x00001a14       0xbc C:\Users\Laksh\Desktop\SEM_5\CG3002\Latest_git\CG3002\Firmware\arduino\arduino\Debug\libarduino.a(wiring.o)
 .debug_frame   0x00001ad0       0x7c C:\Users\Laksh\Desktop\SEM_5\CG3002\Latest_git\CG3002\Firmware\arduino\arduino\Debug\libarduino.a(wiring_digital.o)
 .debug_frame   0x00001b4c       0x24 C:\Users\Laksh\Desktop\SEM_5\CG3002\Latest_git\CG3002\Firmware\arduino\arduino\Debug\libarduino.a(hooks.o)

.debug_str      0x00000000     0x4205
 *(.debug_str)
 .debug_str     0x00000000     0x1c04 FreeRTOS2560.o
                               0x1d42 (size before relaxing)
 .debug_str     0x00001c04      0x145 heap_1.o
                                0x23c (size before relaxing)
 .debug_str     0x00001d49       0x46 Key.o
                                0x205 (size before relaxing)
 .debug_str     0x00001d8f       0xbb Keypad.o
                                0x6b4 (size before relaxing)
 .debug_str     0x00001e4a      0x127 L3G.o
                                0x725 (size before relaxing)
 .debug_str     0x00001f71      0x129 list.o
                                0x2b7 (size before relaxing)
 .debug_str     0x0000209a       0x82 LPS.o
                                0x8d2 (size before relaxing)
 .debug_str     0x0000211c       0xd0 LSM303.o
                                0xcbd (size before relaxing)
 .debug_str     0x000021ec      0x131 NewPing.o
                                0x5ad (size before relaxing)
 .debug_str     0x0000231d       0xda port.o
                                0x28d (size before relaxing)
 .debug_str     0x000023f7      0x539 tasks.o
                                0x951 (size before relaxing)
 .debug_str     0x00002930      0x1b0 twi.o
                                0x35a (size before relaxing)
 .debug_str     0x00002ae0      0xf2f Wire.o
                               0x13f1 (size before relaxing)
 .debug_str     0x00003a0f      0x404 C:\Users\Laksh\Desktop\SEM_5\CG3002\Latest_git\CG3002\Firmware\arduino\arduino\Debug\libarduino.a(HardwareSerial.o)
                               0x1269 (size before relaxing)
 .debug_str     0x00003e13       0x40 C:\Users\Laksh\Desktop\SEM_5\CG3002\Latest_git\CG3002\Firmware\arduino\arduino\Debug\libarduino.a(HardwareSerial0.o)
                                0xf8b (size before relaxing)
 .debug_str     0x00003e53      0x30a C:\Users\Laksh\Desktop\SEM_5\CG3002\Latest_git\CG3002\Firmware\arduino\arduino\Debug\libarduino.a(Print.o)
                                0xe4b (size before relaxing)
 .debug_str     0x0000415d       0x59 C:\Users\Laksh\Desktop\SEM_5\CG3002\Latest_git\CG3002\Firmware\arduino\arduino\Debug\libarduino.a(wiring.o)
                                0x209 (size before relaxing)
 .debug_str     0x000041b6       0x3a C:\Users\Laksh\Desktop\SEM_5\CG3002\Latest_git\CG3002\Firmware\arduino\arduino\Debug\libarduino.a(wiring_digital.o)
                                0x277 (size before relaxing)
 .debug_str     0x000041f0       0x15 C:\Users\Laksh\Desktop\SEM_5\CG3002\Latest_git\CG3002\Firmware\arduino\arduino\Debug\libarduino.a(hooks.o)
                                0x107 (size before relaxing)

.debug_loc      0x00000000     0x8f02
 *(.debug_loc)
 .debug_loc     0x00000000      0x5be FreeRTOS2560.o
 .debug_loc     0x000005be       0xf1 heap_1.o
 .debug_loc     0x000006af       0x28 Key.o
 .debug_loc     0x000006d7      0xee5 Keypad.o
 .debug_loc     0x000015bc      0x87c L3G.o
 .debug_loc     0x00001e38      0x155 list.o
 .debug_loc     0x00001f8d      0x749 LPS.o
 .debug_loc     0x000026d6      0xf0a LSM303.o
 .debug_loc     0x000035e0      0xa8a NewPing.o
 .debug_loc     0x0000406a      0x29b port.o
 .debug_loc     0x00004305     0x1012 tasks.o
 .debug_loc     0x00005317      0x5a3 twi.o
 .debug_loc     0x000058ba      0x89b Wire.o
 .debug_loc     0x00006155      0x3e7 C:\Users\Laksh\Desktop\SEM_5\CG3002\Latest_git\CG3002\Firmware\arduino\arduino\Debug\libarduino.a(HardwareSerial.o)
 .debug_loc     0x0000653c      0x17b C:\Users\Laksh\Desktop\SEM_5\CG3002\Latest_git\CG3002\Firmware\arduino\arduino\Debug\libarduino.a(HardwareSerial0.o)
 .debug_loc     0x000066b7     0x1f08 C:\Users\Laksh\Desktop\SEM_5\CG3002\Latest_git\CG3002\Firmware\arduino\arduino\Debug\libarduino.a(Print.o)
 .debug_loc     0x000085bf      0x22a C:\Users\Laksh\Desktop\SEM_5\CG3002\Latest_git\CG3002\Firmware\arduino\arduino\Debug\libarduino.a(wiring.o)
 .debug_loc     0x000087e9      0x719 C:\Users\Laksh\Desktop\SEM_5\CG3002\Latest_git\CG3002\Firmware\arduino\arduino\Debug\libarduino.a(wiring_digital.o)

.debug_macinfo
 *(.debug_macinfo)

.debug_weaknames
 *(.debug_weaknames)

.debug_funcnames
 *(.debug_funcnames)

.debug_typenames
 *(.debug_typenames)

.debug_varnames
 *(.debug_varnames)

.debug_pubtypes
 *(.debug_pubtypes)

.debug_ranges   0x00000000      0x938
 *(.debug_ranges)
 .debug_ranges  0x00000000       0x88 FreeRTOS2560.o
 .debug_ranges  0x00000088       0x28 heap_1.o
 .debug_ranges  0x000000b0       0x20 Key.o
 .debug_ranges  0x000000d0      0x150 Keypad.o
 .debug_ranges  0x00000220       0x60 L3G.o
 .debug_ranges  0x00000280       0x30 list.o
 .debug_ranges  0x000002b0       0x88 LPS.o
 .debug_ranges  0x00000338       0xa0 LSM303.o
 .debug_ranges  0x000003d8       0x88 NewPing.o
 .debug_ranges  0x00000460       0x38 port.o
 .debug_ranges  0x00000498      0x138 tasks.o
 .debug_ranges  0x000005d0       0x60 twi.o
 .debug_ranges  0x00000630       0xc8 Wire.o
 .debug_ranges  0x000006f8       0x58 C:\Users\Laksh\Desktop\SEM_5\CG3002\Latest_git\CG3002\Firmware\arduino\arduino\Debug\libarduino.a(HardwareSerial.o)
 .debug_ranges  0x00000750       0x28 C:\Users\Laksh\Desktop\SEM_5\CG3002\Latest_git\CG3002\Firmware\arduino\arduino\Debug\libarduino.a(HardwareSerial0.o)
 .debug_ranges  0x00000778      0x150 C:\Users\Laksh\Desktop\SEM_5\CG3002\Latest_git\CG3002\Firmware\arduino\arduino\Debug\libarduino.a(Print.o)
 .debug_ranges  0x000008c8       0x38 C:\Users\Laksh\Desktop\SEM_5\CG3002\Latest_git\CG3002\Firmware\arduino\arduino\Debug\libarduino.a(wiring.o)
 .debug_ranges  0x00000900       0x28 C:\Users\Laksh\Desktop\SEM_5\CG3002\Latest_git\CG3002\Firmware\arduino\arduino\Debug\libarduino.a(wiring_digital.o)
 .debug_ranges  0x00000928       0x10 C:\Users\Laksh\Desktop\SEM_5\CG3002\Latest_git\CG3002\Firmware\arduino\arduino\Debug\libarduino.a(hooks.o)

.debug_macro
 *(.debug_macro)
OUTPUT(FreeRTOS2560.elf elf32-avr)
LOAD linker stubs
