Archive member included because of file (symbol)

C:\Users\Laksh\Desktop\SEM_5\CG3002\firmware\findMyWay15\arduino\arduino\Debug\libarduino.a(wiring.o)
                              FreeRTOS2560.o (init)
C:\Users\Laksh\Desktop\SEM_5\CG3002\firmware\findMyWay15\arduino\arduino\Debug\libarduino.a(wiring_digital.o)
                              FreeRTOS2560.o (pinMode)
C:\Users\Laksh\Desktop\SEM_5\CG3002\firmware\findMyWay15\arduino\arduino\Debug\libarduino.a(hooks.o)
                              C:\Users\Laksh\Desktop\SEM_5\CG3002\firmware\findMyWay15\arduino\arduino\Debug\libarduino.a(wiring.o) (yield)
c:/program files (x86)/atmel/atmel toolchain/avr8 gcc/native/3.4.1061/avr8-gnu-toolchain/bin/../lib/gcc/avr/4.8.1/avr6\libgcc.a(_exit.o)
                              c:/program files (x86)/atmel/atmel toolchain/avr8 gcc/native/3.4.1061/avr8-gnu-toolchain/bin/../lib/gcc/avr/4.8.1/../../../../avr/lib/avr6/crtm2560.o (exit)
c:/program files (x86)/atmel/atmel toolchain/avr8 gcc/native/3.4.1061/avr8-gnu-toolchain/bin/../lib/gcc/avr/4.8.1/avr6\libgcc.a(_tablejump.o)
                              C:\Users\Laksh\Desktop\SEM_5\CG3002\firmware\findMyWay15\arduino\arduino\Debug\libarduino.a(wiring_digital.o) (__tablejump2__)
c:/program files (x86)/atmel/atmel toolchain/avr8 gcc/native/3.4.1061/avr8-gnu-toolchain/bin/../lib/gcc/avr/4.8.1/avr6\libgcc.a(_copy_data.o)
                              FreeRTOS2560.o (__do_copy_data)
c:/program files (x86)/atmel/atmel toolchain/avr8 gcc/native/3.4.1061/avr8-gnu-toolchain/bin/../lib/gcc/avr/4.8.1/avr6\libgcc.a(_clear_bss.o)
                              heap_1.o (__do_clear_bss)
c:/program files (x86)/atmel/atmel toolchain/avr8 gcc/native/3.4.1061/avr8-gnu-toolchain/bin/../lib/gcc/avr/4.8.1/../../../../avr/lib/avr6\libc.a(memcpy.o)
                              queue.o (memcpy)

Discarded input sections

 .data          0x00000000        0x0 c:/program files (x86)/atmel/atmel toolchain/avr8 gcc/native/3.4.1061/avr8-gnu-toolchain/bin/../lib/gcc/avr/4.8.1/../../../../avr/lib/avr6/crtm2560.o
 .bss           0x00000000        0x0 c:/program files (x86)/atmel/atmel toolchain/avr8 gcc/native/3.4.1061/avr8-gnu-toolchain/bin/../lib/gcc/avr/4.8.1/../../../../avr/lib/avr6/crtm2560.o
 .text          0x00000000        0x0 FreeRTOS2560.o
 .data          0x00000000        0x0 FreeRTOS2560.o
 .bss           0x00000000        0x0 FreeRTOS2560.o
 .text._Z20vApplicationIdleHookv
                0x00000000        0x2 FreeRTOS2560.o
 .text          0x00000000        0x0 heap_1.o
 .data          0x00000000        0x0 heap_1.o
 .bss           0x00000000        0x0 heap_1.o
 .text.vPortInitialiseBlocks
                0x00000000        0xa heap_1.o
 .text.xPortGetFreeHeapSize
                0x00000000       0x12 heap_1.o
 .text          0x00000000        0x0 list.o
 .data          0x00000000        0x0 list.o
 .bss           0x00000000        0x0 list.o
 .text          0x00000000        0x0 port.o
 .data          0x00000000        0x0 port.o
 .bss           0x00000000        0x0 port.o
 .text.vPortEndScheduler
                0x00000000        0x2 port.o
 .text          0x00000000        0x0 queue.o
 .data          0x00000000        0x0 queue.o
 .bss           0x00000000        0x0 queue.o
 .text.prvCopyDataToQueue
                0x00000000       0x9a queue.o
 .text.prvCopyDataFromQueue
                0x00000000       0x34 queue.o
 .text.prvUnlockQueue
                0x00000000       0x94 queue.o
 .text.xQueueGenericReset
                0x00000000       0x7a queue.o
 .text.xQueueGenericCreate
                0x00000000       0x5c queue.o
 .text.xQueueGenericSend
                0x00000000      0x144 queue.o
 .text.xQueueGenericSendFromISR
                0x00000000       0x78 queue.o
 .text.xQueueGenericReceive
                0x00000000      0x158 queue.o
 .text.xQueueReceiveFromISR
                0x00000000       0x66 queue.o
 .text.xQueuePeekFromISR
                0x00000000       0x2e queue.o
 .text.uxQueueMessagesWaiting
                0x00000000       0x10 queue.o
 .text.uxQueueSpacesAvailable
                0x00000000       0x16 queue.o
 .text.uxQueueMessagesWaitingFromISR
                0x00000000        0x6 queue.o
 .text.vQueueDelete
                0x00000000       0x1e queue.o
 .text.xQueueIsQueueEmptyFromISR
                0x00000000        0xc queue.o
 .text.xQueueIsQueueFullFromISR
                0x00000000        0xe queue.o
 .debug_info    0x00000000      0xf15 queue.o
 .debug_abbrev  0x00000000      0x2a5 queue.o
 .debug_loc     0x00000000      0xfbb queue.o
 .debug_aranges
                0x00000000       0x98 queue.o
 .debug_ranges  0x00000000       0x88 queue.o
 .debug_line    0x00000000      0x858 queue.o
 .debug_str     0x00000000      0x690 queue.o
 .comment       0x00000000       0x31 queue.o
 .debug_frame   0x00000000      0x220 queue.o
 .text          0x00000000        0x0 tasks.o
 .data          0x00000000        0x0 tasks.o
 .bss           0x00000000        0x0 tasks.o
 .text.vTaskDelete
                0x00000000       0x8e tasks.o
 .text.vTaskEndScheduler
                0x00000000        0xc tasks.o
 .text.xTaskGetTickCount
                0x00000000       0x14 tasks.o
 .text.xTaskGetTickCountFromISR
                0x00000000        0xa tasks.o
 .text.uxTaskGetNumberOfTasks
                0x00000000        0x6 tasks.o
 .text.vTaskDelayUntil
                0x00000000       0x84 tasks.o
 .text.vTaskPlaceOnEventList
                0x00000000       0x3a tasks.o
 .text.vTaskPlaceOnUnorderedEventList
                0x00000000       0x48 tasks.o
 .text.xTaskRemoveFromEventList
                0x00000000       0x90 tasks.o
 .text.xTaskRemoveFromUnorderedEventList
                0x00000000       0x74 tasks.o
 .text.vTaskSetTimeOutState
                0x00000000       0x16 tasks.o
 .text.xTaskCheckForTimeOut
                0x00000000       0x66 tasks.o
 .text.vTaskMissedYield
                0x00000000        0x8 tasks.o
 .text.uxTaskResetEventItemValue
                0x00000000       0x2e tasks.o
 .text          0x00000000        0x0 C:\Users\Laksh\Desktop\SEM_5\CG3002\firmware\findMyWay15\arduino\arduino\Debug\libarduino.a(wiring.o)
 .data          0x00000000        0x0 C:\Users\Laksh\Desktop\SEM_5\CG3002\firmware\findMyWay15\arduino\arduino\Debug\libarduino.a(wiring.o)
 .bss           0x00000000        0x0 C:\Users\Laksh\Desktop\SEM_5\CG3002\firmware\findMyWay15\arduino\arduino\Debug\libarduino.a(wiring.o)
 .text.millis   0x00000000       0x18 C:\Users\Laksh\Desktop\SEM_5\CG3002\firmware\findMyWay15\arduino\arduino\Debug\libarduino.a(wiring.o)
 .text.micros   0x00000000       0x4c C:\Users\Laksh\Desktop\SEM_5\CG3002\firmware\findMyWay15\arduino\arduino\Debug\libarduino.a(wiring.o)
 .text.delay    0x00000000       0x58 C:\Users\Laksh\Desktop\SEM_5\CG3002\firmware\findMyWay15\arduino\arduino\Debug\libarduino.a(wiring.o)
 .text.delayMicroseconds
                0x00000000       0x16 C:\Users\Laksh\Desktop\SEM_5\CG3002\firmware\findMyWay15\arduino\arduino\Debug\libarduino.a(wiring.o)
 .text          0x00000000        0x0 C:\Users\Laksh\Desktop\SEM_5\CG3002\firmware\findMyWay15\arduino\arduino\Debug\libarduino.a(wiring_digital.o)
 .data          0x00000000        0x0 C:\Users\Laksh\Desktop\SEM_5\CG3002\firmware\findMyWay15\arduino\arduino\Debug\libarduino.a(wiring_digital.o)
 .bss           0x00000000        0x0 C:\Users\Laksh\Desktop\SEM_5\CG3002\firmware\findMyWay15\arduino\arduino\Debug\libarduino.a(wiring_digital.o)
 .text.digitalRead
                0x00000000       0x54 C:\Users\Laksh\Desktop\SEM_5\CG3002\firmware\findMyWay15\arduino\arduino\Debug\libarduino.a(wiring_digital.o)
 .progmem.data.port_to_input_PGM
                0x00000000        0xa C:\Users\Laksh\Desktop\SEM_5\CG3002\firmware\findMyWay15\arduino\arduino\Debug\libarduino.a(wiring_digital.o)
 .text          0x00000000        0x0 C:\Users\Laksh\Desktop\SEM_5\CG3002\firmware\findMyWay15\arduino\arduino\Debug\libarduino.a(hooks.o)
 .data          0x00000000        0x0 C:\Users\Laksh\Desktop\SEM_5\CG3002\firmware\findMyWay15\arduino\arduino\Debug\libarduino.a(hooks.o)
 .bss           0x00000000        0x0 C:\Users\Laksh\Desktop\SEM_5\CG3002\firmware\findMyWay15\arduino\arduino\Debug\libarduino.a(hooks.o)
 .text.__empty  0x00000000        0x2 C:\Users\Laksh\Desktop\SEM_5\CG3002\firmware\findMyWay15\arduino\arduino\Debug\libarduino.a(hooks.o)
 .debug_info    0x00000000       0x3e C:\Users\Laksh\Desktop\SEM_5\CG3002\firmware\findMyWay15\arduino\arduino\Debug\libarduino.a(hooks.o)
 .debug_abbrev  0x00000000       0x2a C:\Users\Laksh\Desktop\SEM_5\CG3002\firmware\findMyWay15\arduino\arduino\Debug\libarduino.a(hooks.o)
 .debug_aranges
                0x00000000       0x20 C:\Users\Laksh\Desktop\SEM_5\CG3002\firmware\findMyWay15\arduino\arduino\Debug\libarduino.a(hooks.o)
 .debug_ranges  0x00000000       0x10 C:\Users\Laksh\Desktop\SEM_5\CG3002\firmware\findMyWay15\arduino\arduino\Debug\libarduino.a(hooks.o)
 .debug_line    0x00000000       0x3a C:\Users\Laksh\Desktop\SEM_5\CG3002\firmware\findMyWay15\arduino\arduino\Debug\libarduino.a(hooks.o)
 .debug_str     0x00000000      0x101 C:\Users\Laksh\Desktop\SEM_5\CG3002\firmware\findMyWay15\arduino\arduino\Debug\libarduino.a(hooks.o)
 .comment       0x00000000       0x31 C:\Users\Laksh\Desktop\SEM_5\CG3002\firmware\findMyWay15\arduino\arduino\Debug\libarduino.a(hooks.o)
 .debug_frame   0x00000000       0x24 C:\Users\Laksh\Desktop\SEM_5\CG3002\firmware\findMyWay15\arduino\arduino\Debug\libarduino.a(hooks.o)
 .text          0x00000000        0x0 c:/program files (x86)/atmel/atmel toolchain/avr8 gcc/native/3.4.1061/avr8-gnu-toolchain/bin/../lib/gcc/avr/4.8.1/avr6\libgcc.a(_exit.o)
 .data          0x00000000        0x0 c:/program files (x86)/atmel/atmel toolchain/avr8 gcc/native/3.4.1061/avr8-gnu-toolchain/bin/../lib/gcc/avr/4.8.1/avr6\libgcc.a(_exit.o)
 .bss           0x00000000        0x0 c:/program files (x86)/atmel/atmel toolchain/avr8 gcc/native/3.4.1061/avr8-gnu-toolchain/bin/../lib/gcc/avr/4.8.1/avr6\libgcc.a(_exit.o)
 .text.libgcc.mul
                0x00000000        0x0 c:/program files (x86)/atmel/atmel toolchain/avr8 gcc/native/3.4.1061/avr8-gnu-toolchain/bin/../lib/gcc/avr/4.8.1/avr6\libgcc.a(_exit.o)
 .text.libgcc.div
                0x00000000        0x0 c:/program files (x86)/atmel/atmel toolchain/avr8 gcc/native/3.4.1061/avr8-gnu-toolchain/bin/../lib/gcc/avr/4.8.1/avr6\libgcc.a(_exit.o)
 .text.libgcc   0x00000000        0x0 c:/program files (x86)/atmel/atmel toolchain/avr8 gcc/native/3.4.1061/avr8-gnu-toolchain/bin/../lib/gcc/avr/4.8.1/avr6\libgcc.a(_exit.o)
 .text.libgcc.prologue
                0x00000000        0x0 c:/program files (x86)/atmel/atmel toolchain/avr8 gcc/native/3.4.1061/avr8-gnu-toolchain/bin/../lib/gcc/avr/4.8.1/avr6\libgcc.a(_exit.o)
 .text.libgcc.builtins
                0x00000000        0x0 c:/program files (x86)/atmel/atmel toolchain/avr8 gcc/native/3.4.1061/avr8-gnu-toolchain/bin/../lib/gcc/avr/4.8.1/avr6\libgcc.a(_exit.o)
 .text.libgcc.fmul
                0x00000000        0x0 c:/program files (x86)/atmel/atmel toolchain/avr8 gcc/native/3.4.1061/avr8-gnu-toolchain/bin/../lib/gcc/avr/4.8.1/avr6\libgcc.a(_exit.o)
 .text.libgcc.fixed
                0x00000000        0x0 c:/program files (x86)/atmel/atmel toolchain/avr8 gcc/native/3.4.1061/avr8-gnu-toolchain/bin/../lib/gcc/avr/4.8.1/avr6\libgcc.a(_exit.o)
 .text          0x00000000        0x0 c:/program files (x86)/atmel/atmel toolchain/avr8 gcc/native/3.4.1061/avr8-gnu-toolchain/bin/../lib/gcc/avr/4.8.1/avr6\libgcc.a(_tablejump.o)
 .data          0x00000000        0x0 c:/program files (x86)/atmel/atmel toolchain/avr8 gcc/native/3.4.1061/avr8-gnu-toolchain/bin/../lib/gcc/avr/4.8.1/avr6\libgcc.a(_tablejump.o)
 .bss           0x00000000        0x0 c:/program files (x86)/atmel/atmel toolchain/avr8 gcc/native/3.4.1061/avr8-gnu-toolchain/bin/../lib/gcc/avr/4.8.1/avr6\libgcc.a(_tablejump.o)
 .text.libgcc.mul
                0x00000000        0x0 c:/program files (x86)/atmel/atmel toolchain/avr8 gcc/native/3.4.1061/avr8-gnu-toolchain/bin/../lib/gcc/avr/4.8.1/avr6\libgcc.a(_tablejump.o)
 .text.libgcc.div
                0x00000000        0x0 c:/program files (x86)/atmel/atmel toolchain/avr8 gcc/native/3.4.1061/avr8-gnu-toolchain/bin/../lib/gcc/avr/4.8.1/avr6\libgcc.a(_tablejump.o)
 .text.libgcc.prologue
                0x00000000        0x0 c:/program files (x86)/atmel/atmel toolchain/avr8 gcc/native/3.4.1061/avr8-gnu-toolchain/bin/../lib/gcc/avr/4.8.1/avr6\libgcc.a(_tablejump.o)
 .text.libgcc.builtins
                0x00000000        0x0 c:/program files (x86)/atmel/atmel toolchain/avr8 gcc/native/3.4.1061/avr8-gnu-toolchain/bin/../lib/gcc/avr/4.8.1/avr6\libgcc.a(_tablejump.o)
 .text.libgcc.fmul
                0x00000000        0x0 c:/program files (x86)/atmel/atmel toolchain/avr8 gcc/native/3.4.1061/avr8-gnu-toolchain/bin/../lib/gcc/avr/4.8.1/avr6\libgcc.a(_tablejump.o)
 .text.libgcc.fixed
                0x00000000        0x0 c:/program files (x86)/atmel/atmel toolchain/avr8 gcc/native/3.4.1061/avr8-gnu-toolchain/bin/../lib/gcc/avr/4.8.1/avr6\libgcc.a(_tablejump.o)
 .text          0x00000000        0x0 c:/program files (x86)/atmel/atmel toolchain/avr8 gcc/native/3.4.1061/avr8-gnu-toolchain/bin/../lib/gcc/avr/4.8.1/avr6\libgcc.a(_copy_data.o)
 .data          0x00000000        0x0 c:/program files (x86)/atmel/atmel toolchain/avr8 gcc/native/3.4.1061/avr8-gnu-toolchain/bin/../lib/gcc/avr/4.8.1/avr6\libgcc.a(_copy_data.o)
 .bss           0x00000000        0x0 c:/program files (x86)/atmel/atmel toolchain/avr8 gcc/native/3.4.1061/avr8-gnu-toolchain/bin/../lib/gcc/avr/4.8.1/avr6\libgcc.a(_copy_data.o)
 .text.libgcc.mul
                0x00000000        0x0 c:/program files (x86)/atmel/atmel toolchain/avr8 gcc/native/3.4.1061/avr8-gnu-toolchain/bin/../lib/gcc/avr/4.8.1/avr6\libgcc.a(_copy_data.o)
 .text.libgcc.div
                0x00000000        0x0 c:/program files (x86)/atmel/atmel toolchain/avr8 gcc/native/3.4.1061/avr8-gnu-toolchain/bin/../lib/gcc/avr/4.8.1/avr6\libgcc.a(_copy_data.o)
 .text.libgcc   0x00000000        0x0 c:/program files (x86)/atmel/atmel toolchain/avr8 gcc/native/3.4.1061/avr8-gnu-toolchain/bin/../lib/gcc/avr/4.8.1/avr6\libgcc.a(_copy_data.o)
 .text.libgcc.prologue
                0x00000000        0x0 c:/program files (x86)/atmel/atmel toolchain/avr8 gcc/native/3.4.1061/avr8-gnu-toolchain/bin/../lib/gcc/avr/4.8.1/avr6\libgcc.a(_copy_data.o)
 .text.libgcc.builtins
                0x00000000        0x0 c:/program files (x86)/atmel/atmel toolchain/avr8 gcc/native/3.4.1061/avr8-gnu-toolchain/bin/../lib/gcc/avr/4.8.1/avr6\libgcc.a(_copy_data.o)
 .text.libgcc.fmul
                0x00000000        0x0 c:/program files (x86)/atmel/atmel toolchain/avr8 gcc/native/3.4.1061/avr8-gnu-toolchain/bin/../lib/gcc/avr/4.8.1/avr6\libgcc.a(_copy_data.o)
 .text.libgcc.fixed
                0x00000000        0x0 c:/program files (x86)/atmel/atmel toolchain/avr8 gcc/native/3.4.1061/avr8-gnu-toolchain/bin/../lib/gcc/avr/4.8.1/avr6\libgcc.a(_copy_data.o)
 .text          0x00000000        0x0 c:/program files (x86)/atmel/atmel toolchain/avr8 gcc/native/3.4.1061/avr8-gnu-toolchain/bin/../lib/gcc/avr/4.8.1/avr6\libgcc.a(_clear_bss.o)
 .data          0x00000000        0x0 c:/program files (x86)/atmel/atmel toolchain/avr8 gcc/native/3.4.1061/avr8-gnu-toolchain/bin/../lib/gcc/avr/4.8.1/avr6\libgcc.a(_clear_bss.o)
 .bss           0x00000000        0x0 c:/program files (x86)/atmel/atmel toolchain/avr8 gcc/native/3.4.1061/avr8-gnu-toolchain/bin/../lib/gcc/avr/4.8.1/avr6\libgcc.a(_clear_bss.o)
 .text.libgcc.mul
                0x00000000        0x0 c:/program files (x86)/atmel/atmel toolchain/avr8 gcc/native/3.4.1061/avr8-gnu-toolchain/bin/../lib/gcc/avr/4.8.1/avr6\libgcc.a(_clear_bss.o)
 .text.libgcc.div
                0x00000000        0x0 c:/program files (x86)/atmel/atmel toolchain/avr8 gcc/native/3.4.1061/avr8-gnu-toolchain/bin/../lib/gcc/avr/4.8.1/avr6\libgcc.a(_clear_bss.o)
 .text.libgcc   0x00000000        0x0 c:/program files (x86)/atmel/atmel toolchain/avr8 gcc/native/3.4.1061/avr8-gnu-toolchain/bin/../lib/gcc/avr/4.8.1/avr6\libgcc.a(_clear_bss.o)
 .text.libgcc.prologue
                0x00000000        0x0 c:/program files (x86)/atmel/atmel toolchain/avr8 gcc/native/3.4.1061/avr8-gnu-toolchain/bin/../lib/gcc/avr/4.8.1/avr6\libgcc.a(_clear_bss.o)
 .text.libgcc.builtins
                0x00000000        0x0 c:/program files (x86)/atmel/atmel toolchain/avr8 gcc/native/3.4.1061/avr8-gnu-toolchain/bin/../lib/gcc/avr/4.8.1/avr6\libgcc.a(_clear_bss.o)
 .text.libgcc.fmul
                0x00000000        0x0 c:/program files (x86)/atmel/atmel toolchain/avr8 gcc/native/3.4.1061/avr8-gnu-toolchain/bin/../lib/gcc/avr/4.8.1/avr6\libgcc.a(_clear_bss.o)
 .text.libgcc.fixed
                0x00000000        0x0 c:/program files (x86)/atmel/atmel toolchain/avr8 gcc/native/3.4.1061/avr8-gnu-toolchain/bin/../lib/gcc/avr/4.8.1/avr6\libgcc.a(_clear_bss.o)
 .text          0x00000000        0x0 c:/program files (x86)/atmel/atmel toolchain/avr8 gcc/native/3.4.1061/avr8-gnu-toolchain/bin/../lib/gcc/avr/4.8.1/../../../../avr/lib/avr6\libc.a(memcpy.o)
 .data          0x00000000        0x0 c:/program files (x86)/atmel/atmel toolchain/avr8 gcc/native/3.4.1061/avr8-gnu-toolchain/bin/../lib/gcc/avr/4.8.1/../../../../avr/lib/avr6\libc.a(memcpy.o)
 .bss           0x00000000        0x0 c:/program files (x86)/atmel/atmel toolchain/avr8 gcc/native/3.4.1061/avr8-gnu-toolchain/bin/../lib/gcc/avr/4.8.1/../../../../avr/lib/avr6\libc.a(memcpy.o)
 .text.avr-libc
                0x00000000       0x12 c:/program files (x86)/atmel/atmel toolchain/avr8 gcc/native/3.4.1061/avr8-gnu-toolchain/bin/../lib/gcc/avr/4.8.1/../../../../avr/lib/avr6\libc.a(memcpy.o)

Memory Configuration

Name             Origin             Length             Attributes
text             0x00000000         0x00100000         xr
data             0x00800200         0x0000fe00         rw !x
eeprom           0x00810000         0x00010000         rw !x
fuse             0x00820000         0x00000400         rw !x
lock             0x00830000         0x00000400         rw !x
signature        0x00840000         0x00000400         rw !x
user_signatures  0x00850000         0x00000400         rw !x
*default*        0x00000000         0xffffffff

Linker script and memory map

Address of section .data set to 0x800200
LOAD c:/program files (x86)/atmel/atmel toolchain/avr8 gcc/native/3.4.1061/avr8-gnu-toolchain/bin/../lib/gcc/avr/4.8.1/../../../../avr/lib/avr6/crtm2560.o
LOAD FreeRTOS2560.o
LOAD heap_1.o
LOAD list.o
LOAD port.o
LOAD queue.o
LOAD tasks.o
START GROUP
LOAD c:/program files (x86)/atmel/atmel toolchain/avr8 gcc/native/3.4.1061/avr8-gnu-toolchain/bin/../lib/gcc/avr/4.8.1/../../../../avr/lib/avr6\libm.a
LOAD C:\Users\Laksh\Desktop\SEM_5\CG3002\firmware\findMyWay15\arduino\arduino\Debug\libarduino.a
END GROUP
LOAD c:/program files (x86)/atmel/atmel toolchain/avr8 gcc/native/3.4.1061/avr8-gnu-toolchain/bin/../lib/gcc/avr/4.8.1/avr6\libgcc.a
LOAD c:/program files (x86)/atmel/atmel toolchain/avr8 gcc/native/3.4.1061/avr8-gnu-toolchain/bin/../lib/gcc/avr/4.8.1/../../../../avr/lib/avr6\libm.a
START GROUP
LOAD c:/program files (x86)/atmel/atmel toolchain/avr8 gcc/native/3.4.1061/avr8-gnu-toolchain/bin/../lib/gcc/avr/4.8.1/avr6\libgcc.a
LOAD c:/program files (x86)/atmel/atmel toolchain/avr8 gcc/native/3.4.1061/avr8-gnu-toolchain/bin/../lib/gcc/avr/4.8.1/../../../../avr/lib/avr6\libm.a
LOAD c:/program files (x86)/atmel/atmel toolchain/avr8 gcc/native/3.4.1061/avr8-gnu-toolchain/bin/../lib/gcc/avr/4.8.1/../../../../avr/lib/avr6\libc.a
END GROUP

.hash
 *(.hash)

.dynsym
 *(.dynsym)

.dynstr
 *(.dynstr)

.gnu.version
 *(.gnu.version)

.gnu.version_d
 *(.gnu.version_d)

.gnu.version_r
 *(.gnu.version_r)

.rel.init
 *(.rel.init)

.rela.init
 *(.rela.init)

.rel.text
 *(.rel.text)
 *(.rel.text.*)
 *(.rel.gnu.linkonce.t*)

.rela.text
 *(.rela.text)
 *(.rela.text.*)
 *(.rela.gnu.linkonce.t*)

.rel.fini
 *(.rel.fini)

.rela.fini
 *(.rela.fini)

.rel.rodata
 *(.rel.rodata)
 *(.rel.rodata.*)
 *(.rel.gnu.linkonce.r*)

.rela.rodata
 *(.rela.rodata)
 *(.rela.rodata.*)
 *(.rela.gnu.linkonce.r*)

.rel.data
 *(.rel.data)
 *(.rel.data.*)
 *(.rel.gnu.linkonce.d*)

.rela.data
 *(.rela.data)
 *(.rela.data.*)
 *(.rela.gnu.linkonce.d*)

.rel.ctors
 *(.rel.ctors)

.rela.ctors
 *(.rela.ctors)

.rel.dtors
 *(.rel.dtors)

.rela.dtors
 *(.rela.dtors)

.rel.got
 *(.rel.got)

.rela.got
 *(.rela.got)

.rel.bss
 *(.rel.bss)

.rela.bss
 *(.rela.bss)

.rel.plt
 *(.rel.plt)

.rela.plt
 *(.rela.plt)

.text           0x00000000     0x108e
 *(.vectors)
 .vectors       0x00000000       0xe4 c:/program files (x86)/atmel/atmel toolchain/avr8 gcc/native/3.4.1061/avr8-gnu-toolchain/bin/../lib/gcc/avr/4.8.1/../../../../avr/lib/avr6/crtm2560.o
                0x00000000                __vector_default
                0x00000000                __vectors
 *(.vectors)
 *(.progmem.gcc*)
 .progmem.gcc_sw_table.turnOffPWM
                0x000000e4       0x24 C:\Users\Laksh\Desktop\SEM_5\CG3002\firmware\findMyWay15\arduino\arduino\Debug\libarduino.a(wiring_digital.o)
                0x00000108                . = ALIGN (0x2)
                0x00000108                __trampolines_start = .
 *(.trampolines)
 .trampolines   0x00000108        0x0 linker stubs
 *(.trampolines*)
                0x00000108                __trampolines_end = .
 *(.progmem*)
 .progmem.data.digital_pin_to_timer_PGM
                0x00000108       0x14 C:\Users\Laksh\Desktop\SEM_5\CG3002\firmware\findMyWay15\arduino\arduino\Debug\libarduino.a(wiring_digital.o)
                0x00000108                digital_pin_to_timer_PGM
 .progmem.data.digital_pin_to_bit_mask_PGM
                0x0000011c       0x14 C:\Users\Laksh\Desktop\SEM_5\CG3002\firmware\findMyWay15\arduino\arduino\Debug\libarduino.a(wiring_digital.o)
                0x0000011c                digital_pin_to_bit_mask_PGM
 .progmem.data.digital_pin_to_port_PGM
                0x00000130       0x14 C:\Users\Laksh\Desktop\SEM_5\CG3002\firmware\findMyWay15\arduino\arduino\Debug\libarduino.a(wiring_digital.o)
                0x00000130                digital_pin_to_port_PGM
 .progmem.data.port_to_output_PGM
                0x00000144        0xa C:\Users\Laksh\Desktop\SEM_5\CG3002\firmware\findMyWay15\arduino\arduino\Debug\libarduino.a(wiring_digital.o)
                0x00000144                port_to_output_PGM
 .progmem.data.port_to_mode_PGM
                0x0000014e        0xa C:\Users\Laksh\Desktop\SEM_5\CG3002\firmware\findMyWay15\arduino\arduino\Debug\libarduino.a(wiring_digital.o)
                0x0000014e                port_to_mode_PGM
                0x00000158                . = ALIGN (0x2)
 *(.jumptables)
 *(.jumptables*)
 *(.lowtext)
 *(.lowtext*)
                0x00000158                __ctors_start = .
 *(.ctors)
                0x00000158                __ctors_end = .
                0x00000158                __dtors_start = .
 *(.dtors)
                0x00000158                __dtors_end = .
 SORT(*)(.ctors)
 SORT(*)(.dtors)
 *(.init0)
 .init0         0x00000158        0x0 c:/program files (x86)/atmel/atmel toolchain/avr8 gcc/native/3.4.1061/avr8-gnu-toolchain/bin/../lib/gcc/avr/4.8.1/../../../../avr/lib/avr6/crtm2560.o
                0x00000158                __init
 *(.init0)
 *(.init1)
 *(.init1)
 *(.init2)
 .init2         0x00000158       0x10 c:/program files (x86)/atmel/atmel toolchain/avr8 gcc/native/3.4.1061/avr8-gnu-toolchain/bin/../lib/gcc/avr/4.8.1/../../../../avr/lib/avr6/crtm2560.o
 *(.init2)
 *(.init3)
 *(.init3)
 *(.init4)
 .init4         0x00000168       0x1a c:/program files (x86)/atmel/atmel toolchain/avr8 gcc/native/3.4.1061/avr8-gnu-toolchain/bin/../lib/gcc/avr/4.8.1/avr6\libgcc.a(_copy_data.o)
                0x00000168                __do_copy_data
 .init4         0x00000182       0x10 c:/program files (x86)/atmel/atmel toolchain/avr8 gcc/native/3.4.1061/avr8-gnu-toolchain/bin/../lib/gcc/avr/4.8.1/avr6\libgcc.a(_clear_bss.o)
                0x00000182                __do_clear_bss
 *(.init4)
 *(.init5)
 *(.init5)
 *(.init6)
 *(.init6)
 *(.init7)
 *(.init7)
 *(.init8)
 *(.init8)
 *(.init9)
 .init9         0x00000192        0x4 c:/program files (x86)/atmel/atmel toolchain/avr8 gcc/native/3.4.1061/avr8-gnu-toolchain/bin/../lib/gcc/avr/4.8.1/../../../../avr/lib/avr6/crtm2560.o
 *(.init9)
 *(.text)
 .text          0x00000196        0x2 c:/program files (x86)/atmel/atmel toolchain/avr8 gcc/native/3.4.1061/avr8-gnu-toolchain/bin/../lib/gcc/avr/4.8.1/../../../../avr/lib/avr6/crtm2560.o
                0x00000196                __vector_38
                0x00000196                __vector_22
                0x00000196                __vector_28
                0x00000196                __vector_1
                0x00000196                __vector_32
                0x00000196                __vector_34
                0x00000196                __vector_24
                0x00000196                __vector_12
                0x00000196                __vector_55
                0x00000196                __vector_46
                0x00000196                __bad_interrupt
                0x00000196                __vector_6
                0x00000196                __vector_31
                0x00000196                __vector_35
                0x00000196                __vector_39
                0x00000196                __vector_3
                0x00000196                __vector_30
                0x00000196                __vector_45
                0x00000196                __vector_25
                0x00000196                __vector_11
                0x00000196                __vector_54
                0x00000196                __vector_13
                0x00000196                __vector_17
                0x00000196                __vector_19
                0x00000196                __vector_56
                0x00000196                __vector_7
                0x00000196                __vector_49
                0x00000196                __vector_41
                0x00000196                __vector_43
                0x00000196                __vector_27
                0x00000196                __vector_5
                0x00000196                __vector_33
                0x00000196                __vector_47
                0x00000196                __vector_52
                0x00000196                __vector_37
                0x00000196                __vector_4
                0x00000196                __vector_44
                0x00000196                __vector_51
                0x00000196                __vector_9
                0x00000196                __vector_2
                0x00000196                __vector_15
                0x00000196                __vector_36
                0x00000196                __vector_29
                0x00000196                __vector_40
                0x00000196                __vector_8
                0x00000196                __vector_26
                0x00000196                __vector_48
                0x00000196                __vector_14
                0x00000196                __vector_53
                0x00000196                __vector_10
                0x00000196                __vector_50
                0x00000196                __vector_16
                0x00000196                __vector_18
                0x00000196                __vector_20
                0x00000196                __vector_42
                0x00000198                . = ALIGN (0x2)
 *(.text.*)
 .text._Z5task1Pv
                0x00000198       0x1a FreeRTOS2560.o
                0x00000198                _Z5task1Pv
 .text._Z5task2Pv
                0x000001b2       0x1a FreeRTOS2560.o
                0x000001b2                _Z5task2Pv
 .text.main     0x000001cc       0x86 FreeRTOS2560.o
                0x000001cc                main
 .text.pvPortMalloc
                0x00000252       0x66 heap_1.o
                0x00000252                pvPortMalloc
 .text.vPortFree
                0x000002b8        0x2 heap_1.o
                0x000002b8                vPortFree
 .text.vListInitialise
                0x000002ba       0x1c list.o
                0x000002ba                vListInitialise
 .text.vListInitialiseItem
                0x000002d6        0x8 list.o
                0x000002d6                vListInitialiseItem
 .text.vListInsertEnd
                0x000002de       0x42 list.o
                0x000002de                vListInsertEnd
 .text.vListInsert
                0x00000320       0x62 list.o
                0x00000320                vListInsert
 .text.uxListRemove
                0x00000382       0x4c list.o
                0x00000382                uxListRemove
 .text.pxPortInitialiseStack
                0x000003ce       0xe4 port.o
                0x000003ce                pxPortInitialiseStack
 .text.xPortStartScheduler
                0x000004b2       0x7a port.o
                0x000004b2                xPortStartScheduler
 .text.vPortYield
                0x0000052c       0xc0 port.o
                0x0000052c                vPortYield
 .text.vPortYieldFromTick
                0x000005ec       0xc4 port.o
                0x000005ec                vPortYieldFromTick
 .text.__vector_21
                0x000006b0        0x4 port.o
                0x000006b0                __vector_21
 .text.prvResetNextTaskUnblockTime
                0x000006b4       0x3e tasks.o
 .text.prvAddCurrentTaskToDelayedList
                0x000006f2       0x6a tasks.o
 .text.xTaskGenericCreate
                0x0000075c      0x1f4 tasks.o
                0x0000075c                xTaskGenericCreate
 .text.vTaskStartScheduler
                0x00000950       0x52 tasks.o
                0x00000950                vTaskStartScheduler
 .text.vTaskSuspendAll
                0x000009a2        0xc tasks.o
                0x000009a2                vTaskSuspendAll
 .text.xTaskIncrementTick
                0x000009ae      0x176 tasks.o
                0x000009ae                xTaskIncrementTick
 .text.xTaskResumeAll
                0x00000b24       0xfc tasks.o
                0x00000b24                xTaskResumeAll
 .text.vTaskDelay
                0x00000c20       0x36 tasks.o
                0x00000c20                vTaskDelay
 .text.prvIdleTask
                0x00000c56       0x6c tasks.o
 .text.vTaskSwitchContext
                0x00000cc2       0xbc tasks.o
                0x00000cc2                vTaskSwitchContext
 .text.__vector_23
                0x00000d7e       0x94 C:\Users\Laksh\Desktop\SEM_5\CG3002\firmware\findMyWay15\arduino\arduino\Debug\libarduino.a(wiring.o)
                0x00000d7e                __vector_23
 .text.init     0x00000e12       0xc4 C:\Users\Laksh\Desktop\SEM_5\CG3002\firmware\findMyWay15\arduino\arduino\Debug\libarduino.a(wiring.o)
                0x00000e12                init
 .text.turnOffPWM
                0x00000ed6       0xcc C:\Users\Laksh\Desktop\SEM_5\CG3002\firmware\findMyWay15\arduino\arduino\Debug\libarduino.a(wiring_digital.o)
 .text.pinMode  0x00000fa2       0x7c C:\Users\Laksh\Desktop\SEM_5\CG3002\firmware\findMyWay15\arduino\arduino\Debug\libarduino.a(wiring_digital.o)
                0x00000fa2                pinMode
 .text.digitalWrite
                0x0000101e       0x60 C:\Users\Laksh\Desktop\SEM_5\CG3002\firmware\findMyWay15\arduino\arduino\Debug\libarduino.a(wiring_digital.o)
                0x0000101e                digitalWrite
 .text.libgcc   0x0000107e        0xc c:/program files (x86)/atmel/atmel toolchain/avr8 gcc/native/3.4.1061/avr8-gnu-toolchain/bin/../lib/gcc/avr/4.8.1/avr6\libgcc.a(_tablejump.o)
                0x0000107e                __tablejump2__
                0x00001082                __tablejump__
                0x0000108a                . = ALIGN (0x2)
 *(.fini9)
 .fini9         0x0000108a        0x0 c:/program files (x86)/atmel/atmel toolchain/avr8 gcc/native/3.4.1061/avr8-gnu-toolchain/bin/../lib/gcc/avr/4.8.1/avr6\libgcc.a(_exit.o)
                0x0000108a                _exit
                0x0000108a                exit
 *(.fini9)
 *(.fini8)
 *(.fini8)
 *(.fini7)
 *(.fini7)
 *(.fini6)
 *(.fini6)
 *(.fini5)
 *(.fini5)
 *(.fini4)
 *(.fini4)
 *(.fini3)
 *(.fini3)
 *(.fini2)
 *(.fini2)
 *(.fini1)
 *(.fini1)
 *(.fini0)
 .fini0         0x0000108a        0x4 c:/program files (x86)/atmel/atmel toolchain/avr8 gcc/native/3.4.1061/avr8-gnu-toolchain/bin/../lib/gcc/avr/4.8.1/avr6\libgcc.a(_exit.o)
 *(.fini0)
                0x0000108e                _etext = .

.data           0x00800200       0x16 load address 0x0000108e
                0x00800200                PROVIDE (__data_start, .)
 *(.data)
 *(.data*)
 .data.xNextTaskUnblockTime
                0x00800200        0x2 tasks.o
 *(.rodata)
 *(.rodata*)
 .rodata.str1.1
                0x00800202        0xe FreeRTOS2560.o
 .rodata.str1.1
                0x00800210        0x5 tasks.o
 *(.gnu.linkonce.d*)
                0x00800216                . = ALIGN (0x2)
 *fill*         0x00800215        0x1 
                0x00800216                _edata = .
                0x00800216                PROVIDE (__data_end, .)

.bss            0x00800216      0x642
                0x00800216                PROVIDE (__bss_start, .)
 *(.bss)
 *(.bss*)
 .bss.pucAlignedHeap.1837
                0x00800216        0x2 heap_1.o
 .bss.xNextFreeByte
                0x00800218        0x2 heap_1.o
 .bss.ucHeap    0x0080021a      0x5dc heap_1.o
 .bss.uxSchedulerSuspended
                0x008007f6        0x1 tasks.o
 .bss.uxTaskNumber
                0x008007f7        0x1 tasks.o
 .bss.xNumOfOverflows
                0x008007f8        0x1 tasks.o
 .bss.xYieldPending
                0x008007f9        0x1 tasks.o
 .bss.uxPendedTicks
                0x008007fa        0x1 tasks.o
 .bss.xSchedulerRunning
                0x008007fb        0x1 tasks.o
 .bss.uxTopReadyPriority
                0x008007fc        0x1 tasks.o
 .bss.xTickCount
                0x008007fd        0x2 tasks.o
 .bss.uxCurrentNumberOfTasks
                0x008007ff        0x1 tasks.o
 .bss.uxTasksDeleted
                0x00800800        0x1 tasks.o
 .bss.xTasksWaitingTermination
                0x00800801        0x9 tasks.o
 .bss.xPendingReadyList
                0x0080080a        0x9 tasks.o
 .bss.pxOverflowDelayedTaskList
                0x00800813        0x2 tasks.o
 .bss.pxDelayedTaskList
                0x00800815        0x2 tasks.o
 .bss.xDelayedTaskList2
                0x00800817        0x9 tasks.o
 .bss.xDelayedTaskList1
                0x00800820        0x9 tasks.o
 .bss.pxReadyTasksLists
                0x00800829       0x24 tasks.o
 .bss.pxCurrentTCB
                0x0080084d        0x2 tasks.o
                0x0080084d                pxCurrentTCB
 .bss.timer0_fract
                0x0080084f        0x1 C:\Users\Laksh\Desktop\SEM_5\CG3002\firmware\findMyWay15\arduino\arduino\Debug\libarduino.a(wiring.o)
 .bss.timer0_millis
                0x00800850        0x4 C:\Users\Laksh\Desktop\SEM_5\CG3002\firmware\findMyWay15\arduino\arduino\Debug\libarduino.a(wiring.o)
                0x00800850                timer0_millis
 .bss.timer0_overflow_count
                0x00800854        0x4 C:\Users\Laksh\Desktop\SEM_5\CG3002\firmware\findMyWay15\arduino\arduino\Debug\libarduino.a(wiring.o)
                0x00800854                timer0_overflow_count
 *(COMMON)
                0x00800858                PROVIDE (__bss_end, .)
                0x0000108e                __data_load_start = LOADADDR (.data)
                0x000010a4                __data_load_end = (__data_load_start + SIZEOF (.data))

.noinit         0x00800858        0x0
                0x00800858                PROVIDE (__noinit_start, .)
 *(.noinit*)
                0x00800858                PROVIDE (__noinit_end, .)
                0x00800858                _end = .
                0x00800858                PROVIDE (__heap_start, .)

.eeprom         0x00810000        0x0
 *(.eeprom*)
                0x00810000                __eeprom_end = .

.fuse
 *(.fuse)
 *(.lfuse)
 *(.hfuse)
 *(.efuse)

.lock
 *(.lock*)

.signature
 *(.signature*)

.user_signatures
 *(.user_signatures*)

.stab
 *(.stab)

.stabstr
 *(.stabstr)

.stab.excl
 *(.stab.excl)

.stab.exclstr
 *(.stab.exclstr)

.stab.index
 *(.stab.index)

.stab.indexstr
 *(.stab.indexstr)

.comment        0x00000000       0x30
 *(.comment)
 .comment       0x00000000       0x30 FreeRTOS2560.o
                                 0x31 (size before relaxing)
 .comment       0x00000000       0x31 heap_1.o
 .comment       0x00000000       0x31 list.o
 .comment       0x00000000       0x31 port.o
 .comment       0x00000000       0x31 tasks.o
 .comment       0x00000000       0x31 C:\Users\Laksh\Desktop\SEM_5\CG3002\firmware\findMyWay15\arduino\arduino\Debug\libarduino.a(wiring.o)
 .comment       0x00000000       0x31 C:\Users\Laksh\Desktop\SEM_5\CG3002\firmware\findMyWay15\arduino\arduino\Debug\libarduino.a(wiring_digital.o)

.note.gnu.build-id
 *(.note.gnu.build-id)

.debug
 *(.debug)

.line
 *(.line)

.debug_srcinfo
 *(.debug_srcinfo)

.debug_sfnames
 *(.debug_sfnames)

.debug_aranges  0x00000000      0x250
 *(.debug_aranges)
 .debug_aranges
                0x00000000       0x38 FreeRTOS2560.o
 .debug_aranges
                0x00000038       0x38 heap_1.o
 .debug_aranges
                0x00000070       0x40 list.o
 .debug_aranges
                0x000000b0       0x48 port.o
 .debug_aranges
                0x000000f8       0xd8 tasks.o
 .debug_aranges
                0x000001d0       0x48 C:\Users\Laksh\Desktop\SEM_5\CG3002\firmware\findMyWay15\arduino\arduino\Debug\libarduino.a(wiring.o)
 .debug_aranges
                0x00000218       0x38 C:\Users\Laksh\Desktop\SEM_5\CG3002\firmware\findMyWay15\arduino\arduino\Debug\libarduino.a(wiring_digital.o)

.debug_pubnames
 *(.debug_pubnames)

.debug_info     0x00000000     0x2809
 *(.debug_info .gnu.linkonce.wi.*)
 .debug_info    0x00000000      0x57d FreeRTOS2560.o
 .debug_info    0x0000057d      0x1ad heap_1.o
 .debug_info    0x0000072a      0x2c6 list.o
 .debug_info    0x000009f0      0x20d port.o
 .debug_info    0x00000bfd     0x137b tasks.o
 .debug_info    0x00001f78      0x2bb C:\Users\Laksh\Desktop\SEM_5\CG3002\firmware\findMyWay15\arduino\arduino\Debug\libarduino.a(wiring.o)
 .debug_info    0x00002233      0x5d6 C:\Users\Laksh\Desktop\SEM_5\CG3002\firmware\findMyWay15\arduino\arduino\Debug\libarduino.a(wiring_digital.o)

.debug_abbrev   0x00000000      0xa86
 *(.debug_abbrev)
 .debug_abbrev  0x00000000      0x191 FreeRTOS2560.o
 .debug_abbrev  0x00000191      0x12e heap_1.o
 .debug_abbrev  0x000002bf       0xf8 list.o
 .debug_abbrev  0x000003b7      0x13d port.o
 .debug_abbrev  0x000004f4      0x304 tasks.o
 .debug_abbrev  0x000007f8      0x145 C:\Users\Laksh\Desktop\SEM_5\CG3002\firmware\findMyWay15\arduino\arduino\Debug\libarduino.a(wiring.o)
 .debug_abbrev  0x0000093d      0x149 C:\Users\Laksh\Desktop\SEM_5\CG3002\firmware\findMyWay15\arduino\arduino\Debug\libarduino.a(wiring_digital.o)

.debug_line     0x00000000     0x1b45
 *(.debug_line .debug_line.* .debug_line_end)
 .debug_line    0x00000000      0x2e6 FreeRTOS2560.o
 .debug_line    0x000002e6      0x284 heap_1.o
 .debug_line    0x0000056a      0x298 list.o
 .debug_line    0x00000802      0x35c port.o
 .debug_line    0x00000b5e      0xa38 tasks.o
 .debug_line    0x00001596      0x2f0 C:\Users\Laksh\Desktop\SEM_5\CG3002\firmware\findMyWay15\arduino\arduino\Debug\libarduino.a(wiring.o)
 .debug_line    0x00001886      0x2bf C:\Users\Laksh\Desktop\SEM_5\CG3002\firmware\findMyWay15\arduino\arduino\Debug\libarduino.a(wiring_digital.o)

.debug_frame    0x00000000      0x5f0
 *(.debug_frame)
 .debug_frame   0x00000000       0x88 FreeRTOS2560.o
 .debug_frame   0x00000088       0x60 heap_1.o
 .debug_frame   0x000000e8       0x88 list.o
 .debug_frame   0x00000170       0x74 port.o
 .debug_frame   0x000001e4      0x2d4 tasks.o
 .debug_frame   0x000004b8       0xbc C:\Users\Laksh\Desktop\SEM_5\CG3002\firmware\findMyWay15\arduino\arduino\Debug\libarduino.a(wiring.o)
 .debug_frame   0x00000574       0x7c C:\Users\Laksh\Desktop\SEM_5\CG3002\firmware\findMyWay15\arduino\arduino\Debug\libarduino.a(wiring_digital.o)

.debug_str      0x00000000      0xd0f
 *(.debug_str)
 .debug_str     0x00000000      0x2e2 FreeRTOS2560.o
                                0x326 (size before relaxing)
 .debug_str     0x000002e2      0x14c heap_1.o
                                0x236 (size before relaxing)
 .debug_str     0x0000042e      0x129 list.o
                                0x2b1 (size before relaxing)
 .debug_str     0x00000557       0xda port.o
                                0x287 (size before relaxing)
 .debug_str     0x00000631      0x539 tasks.o
                                0x94b (size before relaxing)
 .debug_str     0x00000b6a       0xd3 C:\Users\Laksh\Desktop\SEM_5\CG3002\firmware\findMyWay15\arduino\arduino\Debug\libarduino.a(wiring.o)
                                0x203 (size before relaxing)
 .debug_str     0x00000c3d       0xd2 C:\Users\Laksh\Desktop\SEM_5\CG3002\firmware\findMyWay15\arduino\arduino\Debug\libarduino.a(wiring_digital.o)
                                0x271 (size before relaxing)

.debug_loc      0x00000000     0x1ed9
 *(.debug_loc)
 .debug_loc     0x00000000       0xa3 FreeRTOS2560.o
 .debug_loc     0x000000a3       0xf1 heap_1.o
 .debug_loc     0x00000194      0x155 list.o
 .debug_loc     0x000002e9      0x29b port.o
 .debug_loc     0x00000584     0x1012 tasks.o
 .debug_loc     0x00001596      0x22a C:\Users\Laksh\Desktop\SEM_5\CG3002\firmware\findMyWay15\arduino\arduino\Debug\libarduino.a(wiring.o)
 .debug_loc     0x000017c0      0x719 C:\Users\Laksh\Desktop\SEM_5\CG3002\firmware\findMyWay15\arduino\arduino\Debug\libarduino.a(wiring_digital.o)

.debug_macinfo
 *(.debug_macinfo)

.debug_weaknames
 *(.debug_weaknames)

.debug_funcnames
 *(.debug_funcnames)

.debug_typenames
 *(.debug_typenames)

.debug_varnames
 *(.debug_varnames)

.debug_pubtypes
 *(.debug_pubtypes)

.debug_ranges   0x00000000      0x250
 *(.debug_ranges)
 .debug_ranges  0x00000000       0x28 FreeRTOS2560.o
 .debug_ranges  0x00000028       0x28 heap_1.o
 .debug_ranges  0x00000050       0x30 list.o
 .debug_ranges  0x00000080       0x38 port.o
 .debug_ranges  0x000000b8      0x138 tasks.o
 .debug_ranges  0x000001f0       0x38 C:\Users\Laksh\Desktop\SEM_5\CG3002\firmware\findMyWay15\arduino\arduino\Debug\libarduino.a(wiring.o)
 .debug_ranges  0x00000228       0x28 C:\Users\Laksh\Desktop\SEM_5\CG3002\firmware\findMyWay15\arduino\arduino\Debug\libarduino.a(wiring_digital.o)

.debug_macro
 *(.debug_macro)
OUTPUT(FreeRTOS2560.elf elf32-avr)
LOAD linker stubs
